Component: ARM Compiler 5.06 update 5 (build 528) Tool: armlink [4d35e2]

==============================================================================

Section Cross References

    main.o(.text) refers to _printf_percent.o(.ARM.Collect$$_printf_percent$$00000000) for _printf_percent
    main.o(.text) refers to _printf_f.o(.ARM.Collect$$_printf_percent$$00000003) for _printf_f
    main.o(.text) refers to printf1.o(x$fpl$printf1) for _printf_fp_dec
    main.o(.text) refers to noretval__2printf.o(.text) for __2printf
    main.o(.text) refers to faddsub_clz.o(x$fpl$fadd) for __aeabi_fadd
    main.o(.text) refers to cpu_a.o(.text) for CPU_SR_Save
    main.o(.text) refers to f2d.o(x$fpl$f2d) for __aeabi_f2d
    main.o(.text) refers to os_core.o(.text) for OS_Sched0
    main.o(.text) refers to delay.o(.text) for delay_ms
    main.o(.text) refers to os_time.o(.text) for OSTimeDlyHMSM
    main.o(.text) refers to cpu_core.o(.text) for CPU_Init
    main.o(.text) refers to os_stat.o(.text) for OSStatTaskCPUUsageInit
    main.o(.text) refers to os_task.o(.text) for OSTaskCreate
    main.o(.text) refers to misc.o(.text) for NVIC_PriorityGroupConfig
    main.o(.text) refers to usart.o(.text) for uart_init
    main.o(.text) refers to led.o(.text) for LED_Init
    main.o(.text) refers to main.o(.data) for float_num
    main.o(.text) refers to os_var.o(.data) for OSSchedLockNestingCtr
    main.o(.text) refers to main.o(.bss) for LED0_TASK_STK
    system_stm32f10x.o(.text) refers to system_stm32f10x.o(.data) for SystemCoreClock
    led.o(.text) refers to stm32f10x_rcc.o(.text) for RCC_APB2PeriphClockCmd
    led.o(.text) refers to stm32f10x_gpio.o(.text) for GPIO_Init
    ili93xx.o(.text) refers to _printf_percent.o(.ARM.Collect$$_printf_percent$$00000000) for _printf_percent
    ili93xx.o(.text) refers to _printf_x.o(.ARM.Collect$$_printf_percent$$0000000C) for _printf_x
    ili93xx.o(.text) refers to _printf_hex_int.o(.text) for _printf_longlong_hex
    ili93xx.o(.text) refers to delay.o(.text) for delay_us
    ili93xx.o(.text) refers to ili93xx.o(.bss) for lcddev
    ili93xx.o(.text) refers to ili93xx.o(.data) for POINT_COLOR
    ili93xx.o(.text) refers to dflt_clz.o(x$fpl$dfltu) for __aeabi_ui2d
    ili93xx.o(.text) refers to dmul.o(x$fpl$dmul) for __aeabi_dmul
    ili93xx.o(.text) refers to dfixu.o(x$fpl$dfixu) for __aeabi_d2uiz
    ili93xx.o(.text) refers to noretval__2printf.o(.text) for __2printf
    ili93xx.o(.text) refers to ili93xx.o(.constdata) for asc2_1206
    delay.o(.text) refers to os_core.o(.text) for OSSchedLock
    delay.o(.text) refers to os_time.o(.text) for OSTimeDly
    delay.o(.text) refers to misc.o(.text) for SysTick_CLKSourceConfig
    delay.o(.text) refers to os_var.o(.data) for OSRunning
    delay.o(.text) refers to system_stm32f10x.o(.data) for SystemCoreClock
    delay.o(.text) refers to delay.o(.data) for fac_us
    delay.o(.text) refers to os_cfg_app.o(.constdata) for OSCfg_TickRate_Hz
    usart.o(.text) refers (Special) to use_no_semi_2.o(.text) for __use_no_semihosting
    usart.o(.text) refers to stm32f10x_rcc.o(.text) for RCC_APB2PeriphClockCmd
    usart.o(.text) refers to stm32f10x_usart.o(.text) for USART_DeInit
    usart.o(.text) refers to stm32f10x_gpio.o(.text) for GPIO_Init
    usart.o(.text) refers to misc.o(.text) for NVIC_Init
    usart.o(.text) refers to os_core.o(.text) for OSIntEnter
    usart.o(.text) refers to usart.o(.data) for USART_RX_STA
    usart.o(.text) refers to usart.o(.bss) for USART_RX_BUF
    usart.o(.bss) refers (Special) to use_no_semi_2.o(.text) for __use_no_semihosting
    usart.o(.data) refers (Special) to use_no_semi_2.o(.text) for __use_no_semihosting
    startup_stm32f10x_hd.o(STACK) refers (Special) to heapauxi.o(.text) for __use_two_region_memory
    startup_stm32f10x_hd.o(HEAP) refers (Special) to heapauxi.o(.text) for __use_two_region_memory
    startup_stm32f10x_hd.o(RESET) refers (Special) to heapauxi.o(.text) for __use_two_region_memory
    startup_stm32f10x_hd.o(RESET) refers to startup_stm32f10x_hd.o(STACK) for __initial_sp
    startup_stm32f10x_hd.o(RESET) refers to startup_stm32f10x_hd.o(.text) for Reset_Handler
    startup_stm32f10x_hd.o(RESET) refers to stm32f10x_it.o(.text) for NMI_Handler
    startup_stm32f10x_hd.o(RESET) refers to os_cpu_a.o(CODE) for PendSV_Handler
    startup_stm32f10x_hd.o(RESET) refers to delay.o(.text) for SysTick_Handler
    startup_stm32f10x_hd.o(RESET) refers to usart.o(.text) for USART1_IRQHandler
    startup_stm32f10x_hd.o(.text) refers (Special) to heapauxi.o(.text) for __use_two_region_memory
    startup_stm32f10x_hd.o(.text) refers to system_stm32f10x.o(.text) for SystemInit
    startup_stm32f10x_hd.o(.text) refers to __main.o(!!!main) for __main
    startup_stm32f10x_hd.o(.text) refers to startup_stm32f10x_hd.o(HEAP) for Heap_Mem
    startup_stm32f10x_hd.o(.text) refers to startup_stm32f10x_hd.o(STACK) for Stack_Mem
    stm32f10x_gpio.o(.text) refers to stm32f10x_rcc.o(.text) for RCC_APB2PeriphResetCmd
[...]
    __rt_lib_shutdown_fp_trap_1              0x080001c5   Thumb Code     0  libshutdown2.o(.ARM.Collect$$libshutdown$$00000007)
    __rt_lib_shutdown_heap_1                 0x080001c5   Thumb Code     0  libshutdown2.o(.ARM.Collect$$libshutdown$$0000000F)
    __rt_lib_shutdown_return                 0x080001c5   Thumb Code     0  libshutdown2.o(.ARM.Collect$$libshutdown$$00000010)
    __rt_lib_shutdown_signal_1               0x080001c5   Thumb Code     0  libshutdown2.o(.ARM.Collect$$libshutdown$$0000000A)
    __rt_lib_shutdown_stdio_1                0x080001c5   Thumb Code     0  libshutdown2.o(.ARM.Collect$$libshutdown$$00000004)
    __rt_lib_shutdown_user_alloc_1           0x080001c5   Thumb Code     0  libshutdown2.o(.ARM.Collect$$libshutdown$$0000000C)
    __rt_entry                               0x080001c7   Thumb Code     0  __rtentry.o(.ARM.Collect$$rtentry$$00000000)
    __rt_entry_presh_1                       0x080001c7   Thumb Code     0  __rtentry2.o(.ARM.Collect$$rtentry$$00000002)
    __rt_entry_sh                            0x080001c7   Thumb Code     0  __rtentry4.o(.ARM.Collect$$rtentry$$00000004)
    __rt_entry_li                            0x080001cd   Thumb Code     0  __rtentry2.o(.ARM.Collect$$rtentry$$0000000A)
    __rt_entry_postsh_1                      0x080001cd   Thumb Code     0  __rtentry2.o(.ARM.Collect$$rtentry$$00000009)
    __rt_entry_main                          0x080001d1   Thumb Code     0  __rtentry2.o(.ARM.Collect$$rtentry$$0000000D)
    __rt_entry_postli_1                      0x080001d1   Thumb Code     0  __rtentry2.o(.ARM.Collect$$rtentry$$0000000C)
    __rt_exit                                0x080001d9   Thumb Code     0  rtexit.o(.ARM.Collect$$rtexit$$00000000)
    __rt_exit_ls                             0x080001db   Thumb Code     0  rtexit2.o(.ARM.Collect$$rtexit$$00000003)
    __rt_exit_prels_1                        0x080001db   Thumb Code     0  rtexit2.o(.ARM.Collect$$rtexit$$00000002)
    __rt_exit_exit                           0x080001df   Thumb Code     0  rtexit2.o(.ARM.Collect$$rtexit$$00000004)
    float_task                               0x080001e5   Thumb Code   186  main.o(.text)
    led1_task                                0x0800029f   Thumb Code    40  main.o(.text)
    led0_task                                0x080002c7   Thumb Code    60  main.o(.text)
    start_task                               0x08000303   Thumb Code   318  main.o(.text)
    main                                     0x08000441   Thumb Code   226  main.o(.text)
    NMI_Handler                              0x080005c9   Thumb Code     2  stm32f10x_it.o(.text)
    HardFault_Handler                        0x080005cb   Thumb Code     4  stm32f10x_it.o(.text)
    MemManage_Handler                        0x080005cf   Thumb Code     4  stm32f10x_it.o(.text)
    BusFault_Handler                         0x080005d3   Thumb Code     4  stm32f10x_it.o(.text)
    UsageFault_Handler                       0x080005d7   Thumb Code     4  stm32f10x_it.o(.text)
    SVC_Handler                              0x080005db   Thumb Code     2  stm32f10x_it.o(.text)
    DebugMon_Handler                         0x080005dd   Thumb Code     2  stm32f10x_it.o(.text)
    SystemInit                               0x080006bf   Thumb Code    78  system_stm32f10x.o(.text)
    SystemCoreClockUpdate                    0x0800070d   Thumb Code   142  system_stm32f10x.o(.text)
    LED_Init                                 0x080007c1   Thumb Code    68  led.o(.text)
    delay_osschedlock                        0x0800080d   Thumb Code    10  delay.o(.text)
    delay_osschedunlock                      0x08000817   Thumb Code    10  delay.o(.text)
    delay_ostimedly                          0x08000821   Thumb Code    16  delay.o(.text)
    SysTick_Handler                          0x08000831   Thumb Code    24  delay.o(.text)
    delay_init                               0x08000849   Thumb Code    92  delay.o(.text)
    delay_us                                 0x080008a5   Thumb Code    86  delay.o(.text)
    delay_ms                                 0x080008fb   Thumb Code    66  delay.o(.text)
    _sys_exit                                0x08000959   Thumb Code     6  usart.o(.text)
    fputc                                    0x0800095f   Thumb Code    24  usart.o(.text)
    uart_init                                0x08000977   Thumb Code   158  usart.o(.text)
    USART1_IRQHandler                        0x08000a15   Thumb Code   130  usart.o(.text)
    Reset_Handler                            0x08000aa9   Thumb Code     8  startup_stm32f10x_hd.o(.text)
    ADC1_2_IRQHandler                        0x08000ac3   Thumb Code     0  startup_stm32f10x_hd.o(.text)
    ADC3_IRQHandler                          0x08000ac3   Thumb Code     0  startup_stm32f10x_hd.o(.text)
    CAN1_RX1_IRQHandler                      0x08000ac3   Thumb Code     0  startup_stm32f10x_hd.o(.text)
    CAN1_SCE_IRQHandler                      0x08000ac3   Thumb Code     0  startup_stm32f10x_hd.o(.text)
    DMA1_Channel1_IRQHandler                 0x08000ac3   Thumb Code     0  startup_stm32f10x_hd.o(.text)
    DMA1_Channel2_IRQHandler                 0x08000ac3   Thumb Code     0  startup_stm32f10x_hd.o(.text)
    DMA1_Channel3_IRQHandler                 0x08000ac3   Thumb Code     0  startup_stm32f10x_hd.o(.text)
    DMA1_Channel4_IRQHandler                 0x08000ac3   Thumb Code     0  startup_stm32f10x_hd.o(.text)
    DMA1_Channel5_IRQHandler                 0x08000ac3   Thumb Code     0  startup_stm32f10x_hd.o(.text)
    DMA1_Channel6_IRQHandler                 0x08000ac3   Thumb Code     0  startup_stm32f10x_hd.o(.text)
    DMA1_Channel7_IRQHandler                 0x08000ac3   Thumb Code     0  startup_stm32f10x_hd.o(.text)
    DMA2_Channel1_IRQHandler                 0x08000ac3   Thumb Code     0  startup_stm32f10x_hd.o(.text)
    DMA2_Channel2_IRQHandler                 0x08000ac3   Thumb Code     0  startup_stm32f10x_hd.o(.text)
    DMA2_Channel3_IRQHandler                 0x08000ac3   Thumb Code     0  startup_stm32f10x_hd.o(.text)
    DMA2_Channel4_5_IRQHandler               0x08000ac3   Thumb Code     0  startup_stm32f10x_hd.o(.text)
    EXTI0_IRQHandler                         0x08000ac3   Thumb Code     0  startup_stm32f10x_hd.o(.text)
    EXTI15_10_IRQHandler                     0x08000ac3   Thumb Code     0  startup_stm32f10x_hd.o(.text)
    EXTI1_IRQHandler                         0x08000ac3   Thumb Code     0  startup_stm32f10x_hd.o(.text)
    EXTI2_IRQHandler                         0x08000ac3   Thumb Code     0  startup_stm32f10x_hd.o(.text)
    EXTI3_IRQHandler                         0x08000ac3   Thumb Code     0  startup_stm32f10x_hd.o(.text)
    EXTI4_IRQHandler                         0x08000ac3   Thumb Code     0  startup_stm32f10x_hd.o(.text)
    EXTI9_5_IRQHandler                       0x08000ac3   Thumb Code     0  startup_stm32f10x_hd.o(.text)
    FLASH_IRQHandler                         0x08000ac3   Thumb Code     0  startup_stm32f10x_hd.o(.text)
    FSMC_IRQHandler                          0x08000ac3   Thumb Code     0  startup_stm32f10x_hd.o(.text)
    I2C1_ER_IRQHandler                       0x08000ac3   Thumb Code     0  startup_stm32f10x_hd.o(.text)
    I2C1_EV_IRQHandler                       0x08000ac3   Thumb Code     0  startup_stm32f10x_hd.o(.text)
    I2C2_ER_IRQHandler                       0x08000ac3   Thumb Code     0  startup_stm32f10x_hd.o(.text)
    I2C2_EV_IRQHandler                       0x08000ac3   Thumb Code     0  startup_stm32f10x_hd.o(.text)
    PVD_IRQHandler                           0x08000ac3   Thumb Code     0  startup_stm32f10x_hd.o(.text)
    RCC_IRQHandler                           0x08000ac3   Thumb Code     0  startup_stm32f10x_hd.o(.text)
    RTCAlarm_IRQHandler                      0x08000ac3   Thumb Code     0  startup_stm32f10x_hd.o(.text)
    RTC_IRQHandler                           0x08000ac3   Thumb Code     0  startup_stm32f10x_hd.o(.text)
    SDIO_IRQHandler                          0x08000ac3   Thumb Code     0  startup_stm32f10x_hd.o(.text)
    SPI1_IRQHandler                          0x08000ac3   Thumb Code     0  startup_stm32f10x_hd.o(.text)
    SPI2_IRQHandler                          0x08000ac3   Thumb Code     0  startup_stm32f10x_hd.o(.text)
    SPI3_IRQHandler                          0x08000ac3   Thumb Code     0  startup_stm32f10x_hd.o(.text)
    TAMPER_IRQHandler                        0x08000ac3   Thumb Code     0  startup_stm32f10x_hd.o(.text)
    TIM1_BRK_IRQHandler                      0x08000ac3   Thumb Code     0  startup_stm32f10x_hd.o(.text)
    TIM1_CC_IRQHandler                       0x08000ac3   Thumb Code     0  startup_stm32f10x_hd.o(.text)
    TIM1_TRG_COM_IRQHandler                  0x08000ac3   Thumb Code     0  startup_stm32f10x_hd.o(.text)
    TIM1_UP_IRQHandler                       0x08000ac3   Thumb Code     0  startup_stm32f10x_hd.o(.text)
    TIM2_IRQHandler                          0x08000ac3   Thumb Code     0  startup_stm32f10x_hd.o(.text)
    TIM3_IRQHandler                          0x08000ac3   Thumb Code     0  startup_stm32f10x_hd.o(.text)
    TIM4_IRQHandler                          0x08000ac3   Thumb Code     0  startup_stm32f10x_hd.o(.text)
    TIM5_IRQHandler                          0x08000ac3   Thumb Code     0  startup_stm32f10x_hd.o(.text)
    TIM6_IRQHandler                          0x08000ac3   Thumb Code     0  startup_stm32f10x_hd.o(.text)
    TIM7_IRQHandler                          0x08000ac3   Thumb Code     0  startup_stm32f10x_hd.o(.text)
    TIM8_BRK_IRQHandler                      0x08000ac3   Thumb Code     0  startup_stm32f10x_hd.o(.text)
    TIM8_CC_IRQHandler                       0x08000ac3   Thumb Code     0  startup_stm32f10x_hd.o(.text)
    TIM8_TRG_COM_IRQHandler                  0x08000ac3   Thumb Code     0  startup_stm32f10x_hd.o(.text)
    TIM8_UP_IRQHandler                       0x08000ac3   Thumb Code     0  startup_stm32f10x_hd.o(.text)
    UART4_IRQHandler                         0x08000ac3   Thumb Code     0  startup_stm32f10x_hd.o(.text)
    UART5_IRQHandler                         0x08000ac3   Thumb Code     0  startup_stm32f10x_hd.o(.text)
    USART2_IRQHandler                        0x08000ac3   Thumb Code     0  startup_stm32f10x_hd.o(.text)
    USART3_IRQHandler                        0x08000ac3   Thumb Code     0  startup_stm32f10x_hd.o(.text)
    USBWakeUp_IRQHandler                     0x08000ac3   Thumb Code     0  startup_stm32f10x_hd.o(.text)
    USB_HP_CAN1_TX_IRQHandler                0x08000ac3   Thumb Code     0  startup_stm32f10x_hd.o(.text)
    USB_LP_CAN1_RX0_IRQHandler               0x08000ac3   Thumb Code     0  startup_stm32f10x_hd.o(.text)
    WWDG_IRQHandler                          0x08000ac3   Thumb Code     0  startup_stm32f10x_hd.o(.text)
    __user_initial_stackheap                 0x08000ac5   Thumb Code     0  startup_stm32f10x_hd.o(.text)
    NVIC_PriorityGroupConfig                 0x08000ae9   Thumb Code    10  misc.o(.text)
    NVIC_Init                                0x08000af3   Thumb Code   100  misc.o(.text)
    NVIC_SetVectorTable                      0x08000b57   Thumb Code    14  misc.o(.text)
    NVIC_SystemLPConfig                      0x08000b65   Thumb Code    34  misc.o(.text)
    SysTick_CLKSourceConfig                  0x08000b87   Thumb Code    40  misc.o(.text)
    GPIO_DeInit                              0x08000bc5   Thumb Code   172  stm32f10x_gpio.o(.text)
    GPIO_AFIODeInit                          0x08000c71   Thumb Code    20  stm32f10x_gpio.o(.text)
    GPIO_Init                                0x08000c85   Thumb Code   278  stm32f10x_gpio.o(.text)
    GPIO_StructInit                          0x08000d9b   Thumb Code    16  stm32f10x_gpio.o(.text)
    GPIO_ReadInputDataBit                    0x08000dab   Thumb Code    18  stm32f10x_gpio.o(.text)
    GPIO_ReadInputData                       0x08000dbd   Thumb Code     8  stm32f10x_gpio.o(.text)
    GPIO_ReadOutputDataBit                   0x08000dc5   Thumb Code    18  stm32f10x_gpio.o(.text)
    GPIO_ReadOutputData                      0x08000dd7   Thumb Code     8  stm32f10x_gpio.o(.text)
    GPIO_SetBits                             0x08000ddf   Thumb Code     4  stm32f10x_gpio.o(.text)
    GPIO_ResetBits                           0x08000de3   Thumb Code     4  stm32f10x_gpio.o(.text)
    GPIO_WriteBit                            0x08000de7   Thumb Code    10  stm32f10x_gpio.o(.text)
    GPIO_Write                               0x08000df1   Thumb Code     4  stm32f10x_gpio.o(.text)
    GPIO_PinLockConfig                       0x08000df5   Thumb Code    18  stm32f10x_gpio.o(.text)
    GPIO_EventOutputConfig                   0x08000e07   Thumb Code    26  stm32f10x_gpio.o(.text)
    GPIO_EventOutputCmd                      0x08000e21   Thumb Code     6  stm32f10x_gpio.o(.text)
    GPIO_PinRemapConfig                      0x08000e27   Thumb Code   138  stm32f10x_gpio.o(.text)
    GPIO_EXTILineConfig                      0x08000eb1   Thumb Code    66  stm32f10x_gpio.o(.text)
    GPIO_ETH_MediaInterfaceConfig            0x08000ef3   Thumb Code     8  stm32f10x_gpio.o(.text)
    USART_DeInit                             0x08000f21   Thumb Code   134  stm32f10x_usart.o(.text)
    USART_Init                               0x08000fa7   Thumb Code   210  stm32f10x_usart.o(.text)
    USART_StructInit                         0x08001079   Thumb Code    24  stm32f10x_usart.o(.text)
    USART_ClockInit                          0x08001091   Thumb Code    34  stm32f10x_usart.o(.text)
    USART_ClockStructInit                    0x080010b3   Thumb Code    12  stm32f10x_usart.o(.text)
    USART_Cmd                                0x080010bf   Thumb Code    24  stm32f10x_usart.o(.text)
    USART_ITConfig                           0x080010d7   Thumb Code    74  stm32f10x_usart.o(.text)
    USART_DMACmd                             0x08001121   Thumb Code    18  stm32f10x_usart.o(.text)
    USART_SetAddress                         0x08001133   Thumb Code    18  stm32f10x_usart.o(.text)
    USART_WakeUpConfig                       0x08001145   Thumb Code    18  stm32f10x_usart.o(.text)
    USART_ReceiverWakeUpCmd                  0x08001157   Thumb Code    24  stm32f10x_usart.o(.text)
    USART_LINBreakDetectLengthConfig         0x0800116f   Thumb Code    18  stm32f10x_usart.o(.text)
    USART_LINCmd                             0x08001181   Thumb Code    24  stm32f10x_usart.o(.text)
    USART_SendData                           0x08001199   Thumb Code     8  stm32f10x_usart.o(.text)
    USART_ReceiveData                        0x080011a1   Thumb Code    10  stm32f10x_usart.o(.text)
    USART_SendBreak                          0x080011ab   Thumb Code    10  stm32f10x_usart.o(.text)
    USART_SetGuardTime                       0x080011b5   Thumb Code    16  stm32f10x_usart.o(.text)
    USART_SetPrescaler                       0x080011c5   Thumb Code    16  stm32f10x_usart.o(.text)
    USART_SmartCardCmd                       0x080011d5   Thumb Code    24  stm32f10x_usart.o(.text)
    USART_SmartCardNACKCmd                   0x080011ed   Thumb Code    24  stm32f10x_usart.o(.text)
    USART_HalfDuplexCmd                      0x08001205   Thumb Code    24  stm32f10x_usart.o(.text)
    USART_OverSampling8Cmd                   0x0800121d   Thumb Code    22  stm32f10x_usart.o(.text)
    USART_OneBitMethodCmd                    0x08001233   Thumb Code    24  stm32f10x_usart.o(.text)
    USART_IrDAConfig                         0x0800124b   Thumb Code    18  stm32f10x_usart.o(.text)
    USART_IrDACmd                            0x0800125d   Thumb Code    24  stm32f10x_usart.o(.text)
    USART_GetFlagStatus                      0x08001275   Thumb Code    26  stm32f10x_usart.o(.text)
    USART_ClearFlag                          0x0800128f   Thumb Code    18  stm32f10x_usart.o(.text)
    USART_GetITStatus                        0x080012a1   Thumb Code    84  stm32f10x_usart.o(.text)
    USART_ClearITPendingBit                  0x080012f5   Thumb Code    52  stm32f10x_usart.o(.text)
    RCC_DeInit                               0x08001329   Thumb Code    64  stm32f10x_rcc.o(.text)
    RCC_HSEConfig                            0x08001369   Thumb Code    70  stm32f10x_rcc.o(.text)
    RCC_GetFlagStatus                        0x080013af   Thumb Code    56  stm32f10x_rcc.o(.text)
    RCC_WaitForHSEStartUp                    0x080013e7   Thumb Code    56  stm32f10x_rcc.o(.text)
    RCC_AdjustHSICalibrationValue            0x0800141f   Thumb Code    20  stm32f10x_rcc.o(.text)
    RCC_HSICmd                               0x08001433   Thumb Code     6  stm32f10x_rcc.o(.text)
    RCC_PLLConfig                            0x08001439   Thumb Code    24  stm32f10x_rcc.o(.text)
    RCC_PLLCmd                               0x08001451   Thumb Code     6  stm32f10x_rcc.o(.text)
    RCC_SYSCLKConfig                         0x08001457   Thumb Code    18  stm32f10x_rcc.o(.text)
    RCC_GetSYSCLKSource                      0x08001469   Thumb Code    10  stm32f10x_rcc.o(.text)
    RCC_HCLKConfig                           0x08001473   Thumb Code    18  stm32f10x_rcc.o(.text)
    RCC_PCLK1Config                          0x08001485   Thumb Code    18  stm32f10x_rcc.o(.text)
    RCC_PCLK2Config                          0x08001497   Thumb Code    20  stm32f10x_rcc.o(.text)
    RCC_ITConfig                             0x080014ab   Thumb Code    26  stm32f10x_rcc.o(.text)
    RCC_USBCLKConfig                         0x080014c5   Thumb Code     8  stm32f10x_rcc.o(.text)
    RCC_ADCCLKConfig                         0x080014cd   Thumb Code    18  stm32f10x_rcc.o(.text)
    RCC_LSEConfig                            0x080014df   Thumb Code    50  stm32f10x_rcc.o(.text)
    RCC_LSICmd                               0x08001511   Thumb Code     6  stm32f10x_rcc.o(.text)
    RCC_RTCCLKConfig                         0x08001517   Thumb Code    12  stm32f10x_rcc.o(.text)
    RCC_RTCCLKCmd                            0x08001523   Thumb Code     8  stm32f10x_rcc.o(.text)
    RCC_GetClocksFreq                        0x0800152b   Thumb Code   192  stm32f10x_rcc.o(.text)
    RCC_AHBPeriphClockCmd                    0x080015eb   Thumb Code    26  stm32f10x_rcc.o(.text)
    RCC_APB2PeriphClockCmd                   0x08001605   Thumb Code    26  stm32f10x_rcc.o(.text)
    RCC_APB1PeriphClockCmd                   0x0800161f   Thumb Code    26  stm32f10x_rcc.o(.text)
    RCC_APB2PeriphResetCmd                   0x08001639   Thumb Code    26  stm32f10x_rcc.o(.text)
    RCC_APB1PeriphResetCmd                   0x08001653   Thumb Code    26  stm32f10x_rcc.o(.text)
    RCC_BackupResetCmd                       0x0800166d   Thumb Code     8  stm32f10x_rcc.o(.text)
    RCC_ClockSecuritySystemCmd               0x08001675   Thumb Code     6  stm32f10x_rcc.o(.text)
    RCC_MCOConfig                            0x0800167b   Thumb Code     6  stm32f10x_rcc.o(.text)
    RCC_ClearFlag                            0x08001681   Thumb Code    14  stm32f10x_rcc.o(.text)
    RCC_GetITStatus                          0x0800168f   Thumb Code    20  stm32f10x_rcc.o(.text)
    RCC_ClearITPendingBit                    0x080016a3   Thumb Code     6  stm32f10x_rcc.o(.text)
    BSP_CPU_ClkFreq                          0x080016cd   Thumb Code    16  bsp.o(.text)
    CPU_TS_TmrInit                           0x080016dd   Thumb Code    44  bsp.o(.text)
    CPU_TS_TmrRd                             0x08001709   Thumb Code     6  bsp.o(.text)
    CPU_TS32_to_uSec                         0x0800170f   Thumb Code    54  bsp.o(.text)
    CPU_NameClr                              0x08001751   Thumb Code    42  cpu_core.o(.text)
    CPU_Init                                 0x08001791   Thumb Code    12  cpu_core.o(.text)
    CPU_SW_Exception                         0x0800179d   Thumb Code     4  cpu_core.o(.text)
    CPU_NameGet                              0x080017a1   Thumb Code    70  cpu_core.o(.text)
    CPU_NameSet                              0x080017e7   Thumb Code    96  cpu_core.o(.text)
    CPU_TS_Get32                             0x08001847   Thumb Code    12  cpu_core.o(.text)
    CPU_TS_Update                            0x08001853   Thumb Code     2  cpu_core.o(.text)
    CPU_TS_TmrFreqGet                        0x08001855   Thumb Code    30  cpu_core.o(.text)
    CPU_TS_TmrFreqSet                        0x08001873   Thumb Code     6  cpu_core.o(.text)
    CPU_CntLeadZeros08                       0x08001879   Thumb Code    18  cpu_core.o(.text)
    CPU_CntLeadZeros16                       0x0800188b   Thumb Code    18  cpu_core.o(.text)
    CPU_CntLeadZeros32                       0x0800189d   Thumb Code    18  cpu_core.o(.text)
    CPU_CntLeadZeros64                       0x080018af   Thumb Code   188  cpu_core.o(.text)
    CPU_CntTrailZeros08                      0x0800196b   Thumb Code    22  cpu_core.o(.text)
    CPU_CntTrailZeros16                      0x08001981   Thumb Code    22  cpu_core.o(.text)
    CPU_CntTrailZeros32                      0x08001997   Thumb Code    22  cpu_core.o(.text)
    CPU_CntTrailZeros64                      0x080019ad   Thumb Code    62  cpu_core.o(.text)
    CPU_IntDis                               0x080019f9   Thumb Code     0  cpu_a.o(.text)
    CPU_IntEn                                0x080019fd   Thumb Code     0  cpu_a.o(.text)
    CPU_SR_Save                              0x08001a01   Thumb Code     0  cpu_a.o(.text)
    CPU_SR_Restore                           0x08001a09   Thumb Code     0  cpu_a.o(.text)
    CPU_WaitForInt                           0x08001a0f   Thumb Code     0  cpu_a.o(.text)
    CPU_WaitForExcept                        0x08001a13   Thumb Code     0  cpu_a.o(.text)
    CPU_CntLeadZeros                         0x08001a17   Thumb Code     0  cpu_a.o(.text)
    CPU_CntTrailZeros                        0x08001a1d   Thumb Code     0  cpu_a.o(.text)
    CPU_RevBits                              0x08001a27   Thumb Code     0  cpu_a.o(.text)
    ASCII_IsAlpha                            0x08001a2d   Thumb Code    48  lib_ascii.o(.text)
    ASCII_IsAlphaNum                         0x08001a5d   Thumb Code    76  lib_ascii.o(.text)
    ASCII_IsLower                            0x08001aa9   Thumb Code    20  lib_ascii.o(.text)
    ASCII_IsUpper                            0x08001abd   Thumb Code    20  lib_ascii.o(.text)
    ASCII_IsDig                              0x08001ad1   Thumb Code    20  lib_ascii.o(.text)
    ASCII_IsDigOct                           0x08001ae5   Thumb Code    20  lib_ascii.o(.text)
    ASCII_IsDigHex                           0x08001af9   Thumb Code    36  lib_ascii.o(.text)
    ASCII_IsBlank                            0x08001b1d   Thumb Code    20  lib_ascii.o(.text)
    ASCII_IsSpace                            0x08001b31   Thumb Code    36  lib_ascii.o(.text)
    ASCII_IsPrint                            0x08001b55   Thumb Code    20  lib_ascii.o(.text)
    ASCII_IsGraph                            0x08001b69   Thumb Code    20  lib_ascii.o(.text)
    ASCII_IsPunct                            0x08001b7d   Thumb Code   134  lib_ascii.o(.text)
    ASCII_IsCtrl                             0x08001c03   Thumb Code    26  lib_ascii.o(.text)
    ASCII_ToLower                            0x08001c1d   Thumb Code    32  lib_ascii.o(.text)
    ASCII_ToUpper                            0x08001c3d   Thumb Code    32  lib_ascii.o(.text)
    ASCII_Cmp                                0x08001c5d   Thumb Code    38  lib_ascii.o(.text)
    Mem_Init                                 0x08001c85   Thumb Code    54  lib_mem.o(.text)
    Mem_Set                                  0x08001cbb   Thumb Code    84  lib_mem.o(.text)
    Mem_Clr                                  0x08001d0f   Thumb Code    18  lib_mem.o(.text)
    Mem_Move                                 0x08001d21   Thumb Code   186  lib_mem.o(.text)
    Mem_Cmp                                  0x08001ddb   Thumb Code   192  lib_mem.o(.text)
    Mem_HeapAlloc                            0x08001f13   Thumb Code   168  lib_mem.o(.text)
    Mem_SegGetSizeRem                        0x08001fbb   Thumb Code   108  lib_mem.o(.text)
    Mem_HeapGetSizeRem                       0x08002027   Thumb Code    22  lib_mem.o(.text)
    Mem_PoolClr                              0x0800203d   Thumb Code    80  lib_mem.o(.text)
    Mem_PoolCreate                           0x0800208d   Thumb Code   838  lib_mem.o(.text)
    Mem_PoolBlkGetNbrAvail                   0x080023d3   Thumb Code    52  lib_mem.o(.text)
    Mem_PoolBlkGet                           0x08002407   Thumb Code   126  lib_mem.o(.text)
    Mem_PoolBlkGetUsedAtIx                   0x08002485   Thumb Code   140  lib_mem.o(.text)
    Mem_PoolBlkFree                          0x08002511   Thumb Code   152  lib_mem.o(.text)
    Mem_PoolBlkIxGet                         0x080025a9   Thumb Code   162  lib_mem.o(.text)
    Str_Len_N                                0x0800264d   Thumb Code    28  lib_str.o(.text)
    Str_Len                                  0x08002669   Thumb Code    20  lib_str.o(.text)
    Str_Copy_N                               0x0800267d   Thumb Code    70  lib_str.o(.text)
    Str_Copy                                 0x080026c3   Thumb Code    24  lib_str.o(.text)
    Str_Cat_N                                0x080026db   Thumb Code    90  lib_str.o(.text)
    Str_Cat                                  0x08002735   Thumb Code    24  lib_str.o(.text)
    Str_Cmp_N                                0x0800274d   Thumb Code   156  lib_str.o(.text)
    Str_Cmp                                  0x080027e9   Thumb Code    24  lib_str.o(.text)
    Str_CmpIgnoreCase_N                      0x08002801   Thumb Code   264  lib_str.o(.text)
    Str_CmpIgnoreCase                        0x08002909   Thumb Code    24  lib_str.o(.text)
    Str_Char_N                               0x08002921   Thumb Code    74  lib_str.o(.text)
    Str_Char                                 0x0800296b   Thumb Code    24  lib_str.o(.text)
    Str_Char_Last_N                          0x08002983   Thumb Code    76  lib_str.o(.text)
    Str_Char_Last                            0x080029cf   Thumb Code    24  lib_str.o(.text)
    Str_Char_Replace_N                       0x080029e7   Thumb Code    52  lib_str.o(.text)
    Str_Char_Replace                         0x08002a1b   Thumb Code    28  lib_str.o(.text)
    Str_Str_N                                0x08002a37   Thumb Code   182  lib_str.o(.text)
    Str_Str                                  0x08002aed   Thumb Code    24  lib_str.o(.text)
    Str_FmtNbr_Int32U                        0x08002ce1   Thumb Code    46  lib_str.o(.text)
    Str_FmtNbr_Int32S                        0x08002d0f   Thumb Code    62  lib_str.o(.text)
    Str_ParseNbr_Int32U                      0x08002f0b   Thumb Code    30  lib_str.o(.text)
    Str_ParseNbr_Int32S                      0x08002f29   Thumb Code    74  lib_str.o(.text)
    Mem_Copy                                 0x08002f79   Thumb Code     0  lib_mem_a.o(.text)
    OSCfg_Init                               0x08003199   Thumb Code    86  os_cfg_app.o(.text)
    OS_IdleTask                              0x08003295   Thumb Code    60  os_core.o(.text)
    OS_IdleTaskInit                          0x080032d1   Thumb Code    68  os_core.o(.text)
    OS_RdyListInit                           0x08003315   Thumb Code    32  os_core.o(.text)
    OSInit                                   0x08003335   Thumb Code   300  os_core.o(.text)
    OSIntEnter                               0x08003461   Thumb Code    34  os_core.o(.text)
    OSIntExit                                0x08003483   Thumb Code   192  os_core.o(.text)
    OSSched                                  0x08003543   Thumb Code   134  os_core.o(.text)
    OS_SchedLockTimeMeasStart                0x080035c9   Thumb Code    20  os_core.o(.text)
    OSSchedLock                              0x080035dd   Thumb Code   104  os_core.o(.text)
    OS_SchedLockTimeMeasStop                 0x08003645   Thumb Code    44  os_core.o(.text)
    OSSchedUnlock                            0x08003671   Thumb Code   290  os_core.o(.text)
    OSSchedRoundRobinCfg                     0x08003793   Thumb Code    88  os_core.o(.text)
    OS_RdyListMoveHeadToTail                 0x080037eb   Thumb Code    68  os_core.o(.text)
    OSSchedRoundRobinYield                   0x0800382f   Thumb Code   164  os_core.o(.text)
    OSStart                                  0x080038d3   Thumb Code    78  os_core.o(.text)
    OSVersion                                0x08003921   Thumb Code    12  os_core.o(.text)
    OS_PendDbgNameAdd                        0x0800392d   Thumb Code    66  os_core.o(.text)
    OS_PendListInsertPrio                    0x0800396f   Thumb Code   102  os_core.o(.text)
    OS_PendDataInit                          0x080039d5   Thumb Code    38  os_core.o(.text)
    OS_RdyListRemove                         0x080039fb   Thumb Code    86  os_core.o(.text)
    OS_TaskBlock                             0x08003a51   Thumb Code    56  os_core.o(.text)
    OS_Pend                                  0x08003a89   Thumb Code    98  os_core.o(.text)
    OS_PendListRemove1                       0x08003aeb   Thumb Code   134  os_core.o(.text)
    OS_PendListRemove                        0x08003b71   Thumb Code    48  os_core.o(.text)
    OS_PendAbort1                            0x08003ba1   Thumb Code    36  os_core.o(.text)
    OS_RdyListInsertHead                     0x08003bc5   Thumb Code    58  os_core.o(.text)
    OS_RdyListInsertTail                     0x08003bff   Thumb Code    56  os_core.o(.text)
    OS_RdyListInsert                         0x08003c37   Thumb Code    40  os_core.o(.text)
    OS_TaskRdy                               0x08003c5f   Thumb Code    28  os_core.o(.text)
    OS_PendAbort                             0x08003c7b   Thumb Code   166  os_core.o(.text)
    OS_PendDbgNameRemove                     0x08003d21   Thumb Code    34  os_core.o(.text)
    OS_PendListChangePrio                    0x08003d43   Thumb Code    70  os_core.o(.text)
    OS_PendListInit                          0x08003d89   Thumb Code    10  os_core.o(.text)
    OS_PendListInsertHead                    0x08003d93   Thumb Code    32  os_core.o(.text)
    OS_PendObjDel1                           0x08003db3   Thumb Code    36  os_core.o(.text)
    OS_PendObjDel                            0x08003dd7   Thumb Code   162  os_core.o(.text)
    OS_Post1                                 0x08003e79   Thumb Code    42  os_core.o(.text)
    OS_Post                                  0x08003ea3   Thumb Code   192  os_core.o(.text)
    OS_Sched0                                0x08003f63   Thumb Code   102  os_core.o(.text)
    OS_SchedRoundRobin                       0x08003fc9   Thumb Code   190  os_core.o(.text)
    OS_Dbg_Init                              0x08004099   Thumb Code   146  os_dbg.o(.text)
    OS_FlagDbgListAdd                        0x08004249   Thumb Code    38  os_flag.o(.text)
    OSFlagCreate                             0x0800426f   Thumb Code   172  os_flag.o(.text)
    OS_FlagClr                               0x0800431b   Thumb Code    28  os_flag.o(.text)
    OS_FlagDbgListRemove                     0x08004337   Thumb Code    44  os_flag.o(.text)
    OSFlagDel                                0x08004363   Thumb Code   594  os_flag.o(.text)
    OS_FlagBlock                             0x080045b5   Thumb Code    58  os_flag.o(.text)
    OSFlagPend                               0x080045ef   Thumb Code  1488  os_flag.o(.text)
    OSFlagPendAbort                          0x08004bbf   Thumb Code   292  os_flag.o(.text)
    OSFlagPendGetFlagsRdy                    0x08004ce3   Thumb Code    68  os_flag.o(.text)
    OS_FlagTaskRdy                           0x08004d27   Thumb Code    86  os_flag.o(.text)
    OS_FlagPost                              0x08004d7d   Thumb Code   570  os_flag.o(.text)
    OSFlagPost                               0x08004fb7   Thumb Code   146  os_flag.o(.text)
    OS_FlagInit                              0x08005049   Thumb Code    14  os_flag.o(.text)
    OS_IntQPost                              0x08005071   Thumb Code   216  os_int.o(.text)
    OS_IntQRePost                            0x08005149   Thumb Code   360  os_int.o(.text)
    OS_IntQTask                              0x080052b1   Thumb Code   162  os_int.o(.text)
    OS_IntQTaskInit                          0x08005353   Thumb Code   208  os_int.o(.text)
    OS_MemDbgListAdd                         0x080054b5   Thumb Code    34  os_mem.o(.text)
    OSMemCreate                              0x080054d7   Thumb Code   288  os_mem.o(.text)
    OSMemGet                                 0x080055f7   Thumb Code   100  os_mem.o(.text)
    OSMemPut                                 0x0800565b   Thumb Code   112  os_mem.o(.text)
    OS_MemInit                               0x080056cb   Thumb Code    14  os_mem.o(.text)
    OS_MsgPoolCreate                         0x080056ed   Thumb Code    54  os_msg.o(.text)
    OS_MsgPoolInit                           0x08005723   Thumb Code    70  os_msg.o(.text)
    OS_MsgQFreeAll                           0x08005769   Thumb Code    62  os_msg.o(.text)
    OS_MsgQInit                              0x080057a7   Thumb Code    14  os_msg.o(.text)
    OS_MsgQGet                               0x080057b5   Thumb Code    98  os_msg.o(.text)
    OS_MsgQPut                               0x08005817   Thumb Code   246  os_msg.o(.text)
    OS_MutexDbgListAdd                       0x08005919   Thumb Code    38  os_mutex.o(.text)
    OSMutexCreate                            0x0800593f   Thumb Code   178  os_mutex.o(.text)
    OS_MutexClr                              0x080059f1   Thumb Code    38  os_mutex.o(.text)
    OS_MutexDbgListRemove                    0x08005a17   Thumb Code    44  os_mutex.o(.text)
    OSMutexDel                               0x08005a43   Thumb Code   842  os_mutex.o(.text)
    OSMutexPend                              0x08005d8d   Thumb Code   706  os_mutex.o(.text)
    OSMutexPendAbort                         0x0800604f   Thumb Code   314  os_mutex.o(.text)
    OSMutexPost                              0x08006189   Thumb Code   564  os_mutex.o(.text)
    OS_MutexInit                             0x080063bd   Thumb Code    14  os_mutex.o(.text)
    OS_PrioInit                              0x080063ed   Thumb Code    20  os_prio.o(.text)
    OS_PrioGetHighest                        0x08006401   Thumb Code    36  os_prio.o(.text)
    OS_PrioInsert                            0x08006425   Thumb Code    32  os_prio.o(.text)
    OS_PrioRemove                            0x08006445   Thumb Code    32  os_prio.o(.text)
    OS_QDbgListAdd                           0x08006469   Thumb Code    38  os_q.o(.text)
    OSQCreate                                0x0800648f   Thumb Code   186  os_q.o(.text)
    OS_QClr                                  0x08006549   Thumb Code    40  os_q.o(.text)
    OS_QDbgListRemove                        0x08006571   Thumb Code    44  os_q.o(.text)
    OSQDel                                   0x0800659d   Thumb Code   362  os_q.o(.text)
    OSQFlush                                 0x08006707   Thumb Code   210  os_q.o(.text)
    OSQPend                                  0x080067d9   Thumb Code   538  os_q.o(.text)
    OSQPendAbort                             0x080069f3   Thumb Code   292  os_q.o(.text)
    OS_QPost                                 0x08006b17   Thumb Code   324  os_q.o(.text)
    OSQPost                                  0x08006c5b   Thumb Code   198  os_q.o(.text)
    OS_QInit                                 0x08006d21   Thumb Code    14  os_q.o(.text)
    OS_SemDbgListAdd                         0x08006d41   Thumb Code    38  os_sem.o(.text)
    OSSemCreate                              0x08006d67   Thumb Code   172  os_sem.o(.text)
    OS_SemClr                                0x08006e13   Thumb Code    28  os_sem.o(.text)
    OS_SemDbgListRemove                      0x08006e2f   Thumb Code    44  os_sem.o(.text)
    OSSemDel                                 0x08006e5b   Thumb Code   362  os_sem.o(.text)
    OSSemPend                                0x08006fc5   Thumb Code   504  os_sem.o(.text)
    OSSemPendAbort                           0x080071bd   Thumb Code   292  os_sem.o(.text)
    OS_SemPost                               0x080072e1   Thumb Code   350  os_sem.o(.text)
    OSSemPost                                0x0800743f   Thumb Code   144  os_sem.o(.text)
    OSSemSet                                 0x080074cf   Thumb Code   138  os_sem.o(.text)
    OS_SemInit                               0x08007559   Thumb Code    14  os_sem.o(.text)
    OSStatReset                              0x08007571   Thumb Code   270  os_stat.o(.text)
    OSStatTaskCPUUsageInit                   0x0800767f   Thumb Code   212  os_stat.o(.text)
    OS_StatTask                              0x08007753   Thumb Code   888  os_stat.o(.text)
    OS_StatTaskInit                          0x08007acb   Thumb Code   138  os_stat.o(.text)
    OSTaskChangePrio                         0x08007ba9   Thumb Code   416  os_task.o(.text)
    OS_TaskDbgListAdd                        0x08007d49   Thumb Code    42  os_task.o(.text)
    OS_TaskInitTCB                           0x08007d73   Thumb Code   186  os_task.o(.text)
    OSTaskCreate                             0x08007e2d   Thumb Code   616  os_task.o(.text)
    OS_TaskDbgListRemove                     0x08008095   Thumb Code    64  os_task.o(.text)
    OSTaskDel                                0x080080d5   Thumb Code   424  os_task.o(.text)
    OSTaskQFlush                             0x0800827d   Thumb Code   214  os_task.o(.text)
    OSTaskQPend                              0x08008353   Thumb Code   554  os_task.o(.text)
    OSTaskQPendAbort                         0x0800857d   Thumb Code   242  os_task.o(.text)
    OS_TaskQPost                             0x0800866f   Thumb Code   526  os_task.o(.text)
    OSTaskQPost                              0x0800887d   Thumb Code   114  os_task.o(.text)
    OSTaskRegGet                             0x080088ef   Thumb Code    78  os_task.o(.text)
    OSTaskRegGetID                           0x0800893d   Thumb Code    84  os_task.o(.text)
    OSTaskRegSet                             0x08008991   Thumb Code    78  os_task.o(.text)
    OS_TaskResume                            0x080089df   Thumb Code   314  os_task.o(.text)
    OSTaskResume                             0x08008b19   Thumb Code   112  os_task.o(.text)
    OSTaskSemPend                            0x08008b89   Thumb Code   550  os_task.o(.text)
    OSTaskSemPendAbort                       0x08008daf   Thumb Code   270  os_task.o(.text)
    OS_TaskSemPost                           0x08008ebd   Thumb Code  1224  os_task.o(.text)
    OSTaskSemPost                            0x08009385   Thumb Code    98  os_task.o(.text)
    OSTaskSemSet                             0x080093e7   Thumb Code    80  os_task.o(.text)
    OSTaskStkChk                             0x08009437   Thumb Code   224  os_task.o(.text)
    OS_TaskSuspend                           0x08009517   Thumb Code   328  os_task.o(.text)
    OSTaskSuspend                            0x0800965f   Thumb Code    78  os_task.o(.text)
    OSTaskTimeQuantaSet                      0x080096ad   Thumb Code    96  os_task.o(.text)
    OS_TaskInit                              0x0800970d   Thumb Code    18  os_task.o(.text)
    OS_TaskReturn                            0x0800971f   Thumb Code    20  os_task.o(.text)
    OS_TickListRemove                        0x0800975d   Thumb Code    56  os_tick.o(.text)
    OS_TickListUpdate                        0x08009795   Thumb Code   480  os_tick.o(.text)
    OS_TickTask                              0x08009975   Thumb Code    38  os_tick.o(.text)
    OS_TickListInit                          0x0800999b   Thumb Code    32  os_tick.o(.text)
    OS_TickTaskInit                          0x080099bb   Thumb Code   130  os_tick.o(.text)
    OS_TickListInsert                        0x08009a3d   Thumb Code   502  os_tick.o(.text)
    OS_TickListResetPeak                     0x08009c33   Thumb Code    28  os_tick.o(.text)
    OSTimeDly                                0x08009c59   Thumb Code   266  os_time.o(.text)
    OSTimeDlyHMSM                            0x08009d63   Thumb Code   480  os_time.o(.text)
    OSTimeDlyResume                          0x08009f43   Thumb Code   466  os_time.o(.text)
    OSTimeGet                                0x0800a115   Thumb Code    46  os_time.o(.text)
    OSTimeSet                                0x0800a143   Thumb Code    46  os_time.o(.text)
    OSTimeTick                               0x0800a171   Thumb Code    54  os_time.o(.text)
    OS_TmrDbgListAdd                         0x0800a1bd   Thumb Code    34  os_tmr.o(.text)
    OSTmrCreate                              0x0800a1df   Thumb Code   248  os_tmr.o(.text)
    OS_TmrClr                                0x0800a2d7   Thumb Code    36  os_tmr.o(.text)
    OS_TmrUnlink                             0x0800a2fb   Thumb Code    72  os_tmr.o(.text)
    OS_TmrDbgListRemove                      0x0800a343   Thumb Code    44  os_tmr.o(.text)
    OSTmrDel                                 0x0800a36f   Thumb Code   176  os_tmr.o(.text)
    OSTmrRemainGet                           0x0800a41f   Thumb Code   184  os_tmr.o(.text)
    OS_TmrLink                               0x0800a4d7   Thumb Code   196  os_tmr.o(.text)
    OSTmrStart                               0x0800a59b   Thumb Code   210  os_tmr.o(.text)
    OSTmrStateGet                            0x0800a66d   Thumb Code   134  os_tmr.o(.text)
    OSTmrStop                                0x0800a6f3   Thumb Code   232  os_tmr.o(.text)
    OS_TmrTask                               0x0800a7db   Thumb Code   176  os_tmr.o(.text)
    OS_TmrInit                               0x0800a88b   Thumb Code   208  os_tmr.o(.text)
    OS_TmrResetPeak                          0x0800a95b   Thumb Code    28  os_tmr.o(.text)
    OSIdleTaskHook                           0x0800a9d5   Thumb Code    16  os_cpu_c.o(.text)
    OSInitHook                               0x0800a9e5   Thumb Code    42  os_cpu_c.o(.text)
    OSStatTaskHook                           0x0800aa0f   Thumb Code    16  os_cpu_c.o(.text)
    OSTaskCreateHook                         0x0800aa1f   Thumb Code    20  os_cpu_c.o(.text)
    OSTaskDelHook                            0x0800aa33   Thumb Code    20  os_cpu_c.o(.text)
    OSTaskReturnHook                         0x0800aa47   Thumb Code    20  os_cpu_c.o(.text)
    OSTaskStkInit                            0x0800aa5b   Thumb Code   188  os_cpu_c.o(.text)
    OSTaskSwHook                             0x0800ab17   Thumb Code   120  os_cpu_c.o(.text)
    OSTimeTickHook                           0x0800ab8f   Thumb Code    16  os_cpu_c.o(.text)
    OS_CPU_SysTickHandler                    0x0800ab9f   Thumb Code    52  os_cpu_c.o(.text)
    OS_CPU_SysTickInit                       0x0800abd3   Thumb Code    44  os_cpu_c.o(.text)
    __use_no_semihosting                     0x0800ac41   Thumb Code     2  use_no_semi_2.o(.text)
    __aeabi_uldivmod                         0x0800ac43   Thumb Code     0  lludivv7m.o(.text)
    _ll_udiv                                 0x0800ac43   Thumb Code   238  lludivv7m.o(.text)
    __2printf                                0x0800ad31   Thumb Code    20  noretval__2printf.o(.text)
    __printf                                 0x0800ad49   Thumb Code   270  __printf_wp.o(.text)
    __use_two_region_memory                  0x0800ae57   Thumb Code     2  heapauxi.o(.text)
    __rt_heap_escrow$2region                 0x0800ae59   Thumb Code     2  heapauxi.o(.text)
    __rt_heap_expand$2region                 0x0800ae5b   Thumb Code     2  heapauxi.o(.text)
    __I$use$semihosting                      0x0800ae5d   Thumb Code     0  use_no_semi.o(.text)
    __use_no_semihosting_swi                 0x0800ae5d   Thumb Code     2  use_no_semi.o(.text)
    __lib_sel_fp_printf                      0x0800ae5f   Thumb Code     2  _printf_fp_dec.o(.text)
    _printf_fp_dec_real                      0x0800b011   Thumb Code   620  _printf_fp_dec.o(.text)
    _printf_char_file                        0x0800b27d   Thumb Code    32  _printf_char_file.o(.text)
    __rt_locale                              0x0800b2a1   Thumb Code     8  rt_locale_intlibspace.o(.text)
    _ll_udiv10                               0x0800b2a9   Thumb Code   138  lludiv10.o(.text)
    _printf_char_common                      0x0800b33f   Thumb Code    32  _printf_char_common.o(.text)
    _printf_fp_infnan                        0x0800b365   Thumb Code   112  _printf_fp_infnan.o(.text)
    _btod_etento                             0x0800b3e5   Thumb Code   224  bigflt0.o(.text)
    ferror                                   0x0800b4c9   Thumb Code     8  ferror.o(.text)
    __user_libspace                          0x0800b4d1   Thumb Code     8  libspace.o(.text)
    __user_perproc_libspace                  0x0800b4d1   Thumb Code     0  libspace.o(.text)
    __user_perthread_libspace                0x0800b4d1   Thumb Code     0  libspace.o(.text)
    __user_setup_stackheap                   0x0800b4d9   Thumb Code    74  sys_stackheap_outer.o(.text)
    exit                                     0x0800b523   Thumb Code    18  exit.o(.text)
    strcmp                                   0x0800b535   Thumb Code   128  strcmpv7m.o(.text)
    _btod_d2e                                0x0800b5b5   Thumb Code    62  btod.o(CL$$btod_d2e)
    _d2e_denorm_low                          0x0800b5f3   Thumb Code    70  btod.o(CL$$btod_d2e_denorm_low)
    _d2e_norm_op1                            0x0800b639   Thumb Code    96  btod.o(CL$$btod_d2e_norm_op1)
    __btod_div_common                        0x0800b699   Thumb Code   696  btod.o(CL$$btod_div_common)
    _e2e                                     0x0800b9d1   Thumb Code   220  btod.o(CL$$btod_e2e)
    _btod_ediv                               0x0800baad   Thumb Code    42  btod.o(CL$$btod_ediv)
    _btod_emul                               0x0800bad7   Thumb Code    42  btod.o(CL$$btod_emul)
    __btod_mult_common                       0x0800bb01   Thumb Code   580  btod.o(CL$$btod_mult_common)
    OSStartHighRdy                           0x0800bd45   Thumb Code     0  os_cpu_a.o(CODE)
    PendSV_Handler                           0x0800bd7b   Thumb Code     0  os_cpu_a.o(CODE)
    __ARM_fpclassify                         0x0800bddd   Thumb Code    40  fpclassify.o(i.__ARM_fpclassify)
    _is_digit                                0x0800be05   Thumb Code    14  __printf_wp.o(i._is_digit)
    _get_lc_numeric                          0x0800be15   Thumb Code    44  lc_numeric_c.o(locale$$code)
    __fpl_dretinf                            0x0800be41   Thumb Code    12  dretinf.o(x$fpl$dretinf)
    __aeabi_f2d                              0x0800be4d   Thumb Code     0  f2d.o(x$fpl$f2d)
    _f2d                                     0x0800be4d   Thumb Code    86  f2d.o(x$fpl$f2d)
    __aeabi_fadd                             0x0800bea5   Thumb Code     0  faddsub_clz.o(x$fpl$fadd)
    _fadd                                    0x0800bea5   Thumb Code   196  faddsub_clz.o(x$fpl$fadd)
    __fpl_fnaninf                            0x0800bf69   Thumb Code   140  fnaninf.o(x$fpl$fnaninf)
    __fpl_fretinf                            0x0800bff5   Thumb Code    10  fretinf.o(x$fpl$fretinf)
    __aeabi_fsub                             0x0800c001   Thumb Code     0  faddsub_clz.o(x$fpl$fsub)
    _fsub                                    0x0800c001   Thumb Code   234  faddsub_clz.o(x$fpl$fsub)
    _printf_fp_dec                           0x0800c0eb   Thumb Code     4  printf1.o(x$fpl$printf1)
    __I$use$fp                               0x0800c0ee   Number         0  usenofp.o(x$fpl$usenofp)
    CPU_EndiannessTest                       0x0800c1f0   Data           4  cpu_core.o(.constdata)
    OSCfg_IdleTaskStkBasePtr                 0x0800c288   Data           4  os_cfg_app.o(.constdata)
    OSCfg_IdleTaskStkLimit                   0x0800c28c   Data           4  os_cfg_app.o(.constdata)
    OSCfg_IdleTaskStkSize                    0x0800c290   Data           4  os_cfg_app.o(.constdata)
    OSCfg_IdleTaskStkSizeRAM                 0x0800c294   Data           4  os_cfg_app.o(.constdata)
    OSCfg_IntQBasePtr                        0x0800c298   Data           4  os_cfg_app.o(.constdata)
    OSCfg_IntQSize                           0x0800c29c   Data           2  os_cfg_app.o(.constdata)
    OSCfg_IntQSizeRAM                        0x0800c2a0   Data           4  os_cfg_app.o(.constdata)
    OSCfg_IntQTaskStkBasePtr                 0x0800c2a4   Data           4  os_cfg_app.o(.constdata)
    OSCfg_IntQTaskStkLimit                   0x0800c2a8   Data           4  os_cfg_app.o(.constdata)
    OSCfg_IntQTaskStkSize                    0x0800c2ac   Data           4  os_cfg_app.o(.constdata)
    OSCfg_IntQTaskStkSizeRAM                 0x0800c2b0   Data           4  os_cfg_app.o(.constdata)
    OSCfg_ISRStkBasePtr                      0x0800c2b4   Data           4  os_cfg_app.o(.constdata)
    OSCfg_ISRStkSize                         0x0800c2b8   Data           4  os_cfg_app.o(.constdata)
    OSCfg_ISRStkSizeRAM                      0x0800c2bc   Data           4  os_cfg_app.o(.constdata)
    OSCfg_MsgPoolSize                        0x0800c2c0   Data           2  os_cfg_app.o(.constdata)
    OSCfg_MsgPoolSizeRAM                     0x0800c2c4   Data           4  os_cfg_app.o(.constdata)
    OSCfg_MsgPoolBasePtr                     0x0800c2c8   Data           4  os_cfg_app.o(.constdata)
    OSCfg_StatTaskPrio                       0x0800c2cc   Data           1  os_cfg_app.o(.constdata)
    OSCfg_StatTaskRate_Hz                    0x0800c2d0   Data           4  os_cfg_app.o(.constdata)
    OSCfg_StatTaskStkBasePtr                 0x0800c2d4   Data           4  os_cfg_app.o(.constdata)
    OSCfg_StatTaskStkLimit                   0x0800c2d8   Data           4  os_cfg_app.o(.constdata)
    OSCfg_StatTaskStkSize                    0x0800c2dc   Data           4  os_cfg_app.o(.constdata)
    OSCfg_StatTaskStkSizeRAM                 0x0800c2e0   Data           4  os_cfg_app.o(.constdata)
    OSCfg_StkSizeMin                         0x0800c2e4   Data           4  os_cfg_app.o(.constdata)
    OSCfg_TickRate_Hz                        0x0800c2e8   Data           4  os_cfg_app.o(.constdata)
    OSCfg_TickTaskPrio                       0x0800c2ec   Data           1  os_cfg_app.o(.constdata)
    OSCfg_TickTaskStkBasePtr                 0x0800c2f0   Data           4  os_cfg_app.o(.constdata)
    OSCfg_TickTaskStkLimit                   0x0800c2f4   Data           4  os_cfg_app.o(.constdata)
    OSCfg_TickTaskStkSize                    0x0800c2f8   Data           4  os_cfg_app.o(.constdata)
    OSCfg_TickTaskStkSizeRAM                 0x0800c2fc   Data           4  os_cfg_app.o(.constdata)
    OSCfg_TickWheelSize                      0x0800c300   Data           2  os_cfg_app.o(.constdata)
    OSCfg_TickWheelSizeRAM                   0x0800c304   Data           4  os_cfg_app.o(.constdata)
    OSCfg_TmrTaskPrio                        0x0800c308   Data           1  os_cfg_app.o(.constdata)
    OSCfg_TmrTaskRate_Hz                     0x0800c30c   Data           4  os_cfg_app.o(.constdata)
    OSCfg_TmrTaskStkBasePtr                  0x0800c310   Data           4  os_cfg_app.o(.constdata)
    OSCfg_TmrTaskStkLimit                    0x0800c314   Data           4  os_cfg_app.o(.constdata)
    OSCfg_TmrTaskStkSize                     0x0800c318   Data           4  os_cfg_app.o(.constdata)
    OSCfg_TmrTaskStkSizeRAM                  0x0800c31c   Data           4  os_cfg_app.o(.constdata)
    OSCfg_TmrWheelSize                       0x0800c320   Data           2  os_cfg_app.o(.constdata)
    OSCfg_TmrWheelSizeRAM                    0x0800c324   Data           4  os_cfg_app.o(.constdata)
    OSCfg_DataSizeRAM                        0x0800c328   Data           4  os_cfg_app.o(.constdata)
    OSDbg_DbgEn                              0x0800c32c   Data           2  os_dbg.o(.constdata)
    OSDbg_ArgChkEn                           0x0800c32e   Data           1  os_dbg.o(.constdata)
    OSDbg_AppHooksEn                         0x0800c32f   Data           1  os_dbg.o(.constdata)
    OSDbg_EndiannessTest                     0x0800c330   Data           4  os_dbg.o(.constdata)
    OSDbg_CalledFromISRChkEn                 0x0800c334   Data           1  os_dbg.o(.constdata)
    OSDbg_FlagEn                             0x0800c335   Data           1  os_dbg.o(.constdata)
    OSDbg_FlagGrp                            0x0800c338   Data          40  os_dbg.o(.constdata)
    OSDbg_FlagDelEn                          0x0800c360   Data           1  os_dbg.o(.constdata)
    OSDbg_FlagModeClrEn                      0x0800c361   Data           1  os_dbg.o(.constdata)
    OSDbg_FlagPendAbortEn                    0x0800c362   Data           1  os_dbg.o(.constdata)
    OSDbg_FlagGrpSize                        0x0800c364   Data           2  os_dbg.o(.constdata)
    OSDbg_FlagWidth                          0x0800c366   Data           2  os_dbg.o(.constdata)
    OSDbg_IntQ                               0x0800c368   Data           2  os_dbg.o(.constdata)
    OSDbg_ISRPostDeferredEn                  0x0800c36a   Data           1  os_dbg.o(.constdata)
    OSDbg_Mem                                0x0800c36c   Data          32  os_dbg.o(.constdata)
    OSDbg_MemEn                              0x0800c38c   Data           1  os_dbg.o(.constdata)
    OSDbg_MemSize                            0x0800c38e   Data           2  os_dbg.o(.constdata)
    OSDbg_MsgEn                              0x0800c390   Data           1  os_dbg.o(.constdata)
    OSDbg_MsgSize                            0x0800c392   Data           2  os_dbg.o(.constdata)
    OSDbg_MsgPoolSize                        0x0800c394   Data           2  os_dbg.o(.constdata)
    OSDbg_MsgQSize                           0x0800c396   Data           2  os_dbg.o(.constdata)
    OSDbg_Mutex                              0x0800c398   Data          44  os_dbg.o(.constdata)
    OSDbg_MutexEn                            0x0800c3c4   Data           1  os_dbg.o(.constdata)
    OSDbg_MutexDelEn                         0x0800c3c5   Data           1  os_dbg.o(.constdata)
    OSDbg_MutexPendAbortEn                   0x0800c3c6   Data           1  os_dbg.o(.constdata)
    OSDbg_MutexSize                          0x0800c3c8   Data           2  os_dbg.o(.constdata)
    OSDbg_ObjTypeChkEn                       0x0800c3ca   Data           1  os_dbg.o(.constdata)
    OSDbg_PendMultiEn                        0x0800c3cb   Data           1  os_dbg.o(.constdata)
    OSDbg_PendDataSize                       0x0800c3cc   Data           2  os_dbg.o(.constdata)
    OSDbg_PendListSize                       0x0800c3ce   Data           2  os_dbg.o(.constdata)
    OSDbg_PendObjSize                        0x0800c3d0   Data           2  os_dbg.o(.constdata)
    OSDbg_PrioMax                            0x0800c3d2   Data           2  os_dbg.o(.constdata)
    OSDbg_PrioTblSize                        0x0800c3d4   Data           2  os_dbg.o(.constdata)
    OSDbg_PtrSize                            0x0800c3d6   Data           2  os_dbg.o(.constdata)
    OSDbg_Q                                  0x0800c3d8   Data          48  os_dbg.o(.constdata)
    OSDbg_QEn                                0x0800c408   Data           1  os_dbg.o(.constdata)
    OSDbg_QDelEn                             0x0800c409   Data           1  os_dbg.o(.constdata)
    OSDbg_QFlushEn                           0x0800c40a   Data           1  os_dbg.o(.constdata)
    OSDbg_QPendAbortEn                       0x0800c40b   Data           1  os_dbg.o(.constdata)
    OSDbg_QSize                              0x0800c40c   Data           2  os_dbg.o(.constdata)
    OSDbg_SchedRoundRobinEn                  0x0800c40e   Data           1  os_dbg.o(.constdata)
    OSDbg_Sem                                0x0800c410   Data          40  os_dbg.o(.constdata)
    OSDbg_SemEn                              0x0800c438   Data           1  os_dbg.o(.constdata)
    OSDbg_SemDelEn                           0x0800c439   Data           1  os_dbg.o(.constdata)
    OSDbg_SemPendAbortEn                     0x0800c43a   Data           1  os_dbg.o(.constdata)
    OSDbg_SemSetEn                           0x0800c43b   Data           1  os_dbg.o(.constdata)
    OSDbg_SemSize                            0x0800c43c   Data           2  os_dbg.o(.constdata)
    OSDbg_RdyList                            0x0800c43e   Data           2  os_dbg.o(.constdata)
    OSDbg_RdyListSize                        0x0800c440   Data           4  os_dbg.o(.constdata)
    OSDbg_StkWidth                           0x0800c444   Data           1  os_dbg.o(.constdata)
    OSDbg_StatTaskEn                         0x0800c445   Data           1  os_dbg.o(.constdata)
    OSDbg_StatTaskStkChkEn                   0x0800c446   Data           1  os_dbg.o(.constdata)
    OSDbg_TaskChangePrioEn                   0x0800c447   Data           1  os_dbg.o(.constdata)
    OSDbg_TaskDelEn                          0x0800c448   Data           1  os_dbg.o(.constdata)
    OSDbg_TaskQEn                            0x0800c449   Data           1  os_dbg.o(.constdata)
    OSDbg_TaskQPendAbortEn                   0x0800c44a   Data           1  os_dbg.o(.constdata)
    OSDbg_TaskProfileEn                      0x0800c44b   Data           1  os_dbg.o(.constdata)
    OSDbg_TaskRegTblSize                     0x0800c44c   Data           2  os_dbg.o(.constdata)
    OSDbg_TaskSemPendAbortEn                 0x0800c44e   Data           1  os_dbg.o(.constdata)
    OSDbg_TaskSuspendEn                      0x0800c44f   Data           1  os_dbg.o(.constdata)
    OSDbg_TCBSize                            0x0800c450   Data           2  os_dbg.o(.constdata)
    OSDbg_TickSpokeSize                      0x0800c452   Data           2  os_dbg.o(.constdata)
    OSDbg_TimeDlyHMSMEn                      0x0800c454   Data           1  os_dbg.o(.constdata)
    OSDbg_TimeDlyResumeEn                    0x0800c455   Data           1  os_dbg.o(.constdata)
    OSDbg_TLS_TblSize                        0x0800c456   Data           2  os_dbg.o(.constdata)
    OSDbg_Tmr                                0x0800c458   Data          52  os_dbg.o(.constdata)
    OSDbg_TmrEn                              0x0800c48c   Data           1  os_dbg.o(.constdata)
    OSDbg_TmrDelEn                           0x0800c48d   Data           1  os_dbg.o(.constdata)
    OSDbg_TmrSize                            0x0800c48e   Data           2  os_dbg.o(.constdata)
    OSDbg_TmrSpokeSize                       0x0800c490   Data           2  os_dbg.o(.constdata)
    OSDbg_VersionNbr                         0x0800c492   Data           2  os_dbg.o(.constdata)
    OSDbg_DataSize                           0x0800c494   Data           4  os_dbg.o(.constdata)
    Region$$Table$$Base                      0x0800c52c   Number         0  anon$$obj.o(Region$$Table)
    Region$$Table$$Limit                     0x0800c54c   Number         0  anon$$obj.o(Region$$Table)
    SystemCoreClock                          0x20000004   Data           4  system_stm32f10x.o(.data)
    AHBPrescTable                            0x20000008   Data          16  system_stm32f10x.o(.data)
    __stdout                                 0x2000001c   Data           4  usart.o(.data)
    USART_RX_STA                             0x20000020   Data           2  usart.o(.data)
    CPU_TS_TmrFreq_Hz                        0x20000038   Data           4  cpu_core.o(.data)
    Mem_PoolTbl                              0x2000003c   Data           4  lib_mem.o(.data)
    OSPrioTbl                                0x20000040   Data           8  os_prio.o(.data)
    OS_AppTaskCreateHookPtr                  0x20000048   Data           4  os_var.o(.data)
    OS_AppTaskDelHookPtr                     0x2000004c   Data           4  os_var.o(.data)
    OS_AppTaskReturnHookPtr                  0x20000050   Data           4  os_var.o(.data)
    OS_AppIdleTaskHookPtr                    0x20000054   Data           4  os_var.o(.data)
    OS_AppStatTaskHookPtr                    0x20000058   Data           4  os_var.o(.data)
    OS_AppTaskSwHookPtr                      0x2000005c   Data           4  os_var.o(.data)
    OS_AppTimeTickHookPtr                    0x20000060   Data           4  os_var.o(.data)
    OSIdleTaskCtr                            0x20000064   Data           4  os_var.o(.data)
    OSIntNestingCtr                          0x20000068   Data           1  os_var.o(.data)
    OSRunning                                0x20000069   Data           1  os_var.o(.data)
    OSIntQInPtr                              0x2000006c   Data           4  os_var.o(.data)
    OSIntQOutPtr                             0x20000070   Data           4  os_var.o(.data)
    OSIntQNbrEntries                         0x20000074   Data           2  os_var.o(.data)
    OSIntQNbrEntriesMax                      0x20000076   Data           2  os_var.o(.data)
    OSIntQOvfCtr                             0x20000078   Data           2  os_var.o(.data)
    OSIntQTaskTimeMax                        0x2000007c   Data           4  os_var.o(.data)
    OSFlagDbgListPtr                         0x20000080   Data           4  os_var.o(.data)
    OSFlagQty                                0x20000084   Data           2  os_var.o(.data)
    OSMemDbgListPtr                          0x20000088   Data           4  os_var.o(.data)
    OSMemQty                                 0x2000008c   Data           2  os_var.o(.data)
    OSMutexDbgListPtr                        0x20000090   Data           4  os_var.o(.data)
    OSMutexQty                               0x20000094   Data           2  os_var.o(.data)
    OSPrioCur                                0x20000096   Data           1  os_var.o(.data)
    OSPrioHighRdy                            0x20000097   Data           1  os_var.o(.data)
    OSPrioSaved                              0x20000098   Data           1  os_var.o(.data)
    OSQDbgListPtr                            0x2000009c   Data           4  os_var.o(.data)
    OSQQty                                   0x200000a0   Data           2  os_var.o(.data)
    OSSchedLockTimeBegin                     0x200000a4   Data           4  os_var.o(.data)
    OSSchedLockTimeMax                       0x200000a8   Data           4  os_var.o(.data)
    OSSchedLockTimeMaxCur                    0x200000ac   Data           4  os_var.o(.data)
    OSSchedLockNestingCtr                    0x200000b0   Data           1  os_var.o(.data)
    OSSchedRoundRobinDfltTimeQuanta          0x200000b4   Data           4  os_var.o(.data)
    OSSchedRoundRobinEn                      0x200000b8   Data           1  os_var.o(.data)
    OSSemDbgListPtr                          0x200000bc   Data           4  os_var.o(.data)
    OSSemQty                                 0x200000c0   Data           2  os_var.o(.data)
    OSStatResetFlag                          0x200000c2   Data           1  os_var.o(.data)
    OSStatTaskCPUUsage                       0x200000c4   Data           2  os_var.o(.data)
    OSStatTaskCPUUsageMax                    0x200000c6   Data           2  os_var.o(.data)
    OSStatTaskCtr                            0x200000c8   Data           4  os_var.o(.data)
    OSStatTaskCtrMax                         0x200000cc   Data           4  os_var.o(.data)
    OSStatTaskCtrRun                         0x200000d0   Data           4  os_var.o(.data)
    OSStatTaskRdy                            0x200000d4   Data           1  os_var.o(.data)
    OSStatTaskTimeMax                        0x200000d8   Data           4  os_var.o(.data)
    OSTaskCtxSwCtr                           0x200000dc   Data           4  os_var.o(.data)
    OSTaskDbgListPtr                         0x200000e0   Data           4  os_var.o(.data)
    OSTaskQty                                0x200000e4   Data           2  os_var.o(.data)
    OSTaskRegNextAvailID                     0x200000e6   Data           1  os_var.o(.data)
    OSTickCtr                                0x200000e8   Data           4  os_var.o(.data)
    OSTickTaskTimeMax                        0x200000ec   Data           4  os_var.o(.data)
    OSTmrDbgListPtr                          0x200000f0   Data           4  os_var.o(.data)
    OSTmrQty                                 0x200000f4   Data           2  os_var.o(.data)
    OSTmrTaskTimeMax                         0x200000f8   Data           4  os_var.o(.data)
    OSTmrTickCtr                             0x200000fc   Data           4  os_var.o(.data)
    OSTmrUpdateCnt                           0x20000100   Data           4  os_var.o(.data)
    OSTmrUpdateCtr                           0x20000104   Data           4  os_var.o(.data)
    OSTCBCurPtr                              0x20000108   Data           4  os_var.o(.data)
    OSTCBHighRdyPtr                          0x2000010c   Data           4  os_var.o(.data)
    OS_CPU_ExceptStkBase                     0x20000110   Data           4  os_cpu_c.o(.data)
    StartTaskTCB                             0x20000118   Data         196  main.o(.bss)
    START_TASK_STK                           0x200001dc   Data        2048  main.o(.bss)
    Led0TaskTCB                              0x200009dc   Data         196  main.o(.bss)
    LED0_TASK_STK                            0x20000aa0   Data         512  main.o(.bss)
    Led1TaskTCB                              0x20000ca0   Data         196  main.o(.bss)
    LED1_TASK_STK                            0x20000d64   Data         512  main.o(.bss)
    FloatTaskTCB                             0x20000f64   Data         196  main.o(.bss)
    FLOAT_TASK_STK                           0x20001028   Data         512  main.o(.bss)
    USART_RX_BUF                             0x20001228   Data         200  usart.o(.bss)
    CPU_Name                                 0x200012f0   Data          16  cpu_core.o(.bss)
    Mem_PoolHeap                             0x20001300   Data          72  lib_mem.o(.bss)
    Mem_Heap                                 0x20001348   Data        1024  lib_mem.o(.bss)
    OSCfg_IdleTaskStk                        0x20001748   Data         512  os_cfg_app.o(.bss)
    OSCfg_IntQ                               0x20001948   Data         320  os_cfg_app.o(.bss)
    OSCfg_IntQTaskStk                        0x20001a88   Data         512  os_cfg_app.o(.bss)
    OSCfg_ISRStk                             0x20001c88   Data         512  os_cfg_app.o(.bss)
    OSCfg_MsgPool                            0x20001e88   Data        1600  os_cfg_app.o(.bss)
    OSCfg_StatTaskStk                        0x200024c8   Data         512  os_cfg_app.o(.bss)
    OSCfg_TickTaskStk                        0x200026c8   Data         512  os_cfg_app.o(.bss)
    OSCfg_TickWheel                          0x200028c8   Data         136  os_cfg_app.o(.bss)
    OSCfg_TmrTaskStk                         0x20002950   Data         512  os_cfg_app.o(.bss)
    OSCfg_TmrWheel                           0x20002b50   Data         136  os_cfg_app.o(.bss)
    OSIdleTaskTCB                            0x20002bd8   Data         196  os_var.o(.bss)
    OSIntQTaskTCB                            0x20002c9c   Data         196  os_var.o(.bss)
    OSMsgPool                                0x20002d60   Data          12  os_var.o(.bss)
    OSRdyList                                0x20002d6c   Data         768  os_var.o(.bss)
    OSStatTaskTCB                            0x2000306c   Data         196  os_var.o(.bss)
    OSTickTaskTCB                            0x20003130   Data         196  os_var.o(.bss)
    OSTmrTaskTCB                             0x200031f4   Data         196  os_var.o(.bss)
    __libspace_start                         0x200032b8   Data          96  libspace.o(.bss)
    __temporary_stack_top$libspace           0x20003318   Data           0  libspace.o(.bss)



==============================================================================

Memory Map of the image

  Image Entry point : 0x08000131

  Load Region LR_IROM1 (Base: 0x08000000, Size: 0x0000c67c, Max: 0x00080000, ABSOLUTE)

    Execution Region ER_IROM1 (Exec base: 0x08000000, Load base: 0x08000000, Size: 0x0000c568, Max: 0x00080000, ABSOLUTE)

    Exec Addr    Load Addr    Size         Type   Attr      Idx    E Section Name        Object

    0x08000000   0x08000000   0x00000130   Data   RO          303    RESET               startup_stm32f10x_hd.o
    0x08000130   0x08000130   0x00000008   Code   RO          813  * !!!main             c_w.l(__main.o)
    0x08000138   0x08000138   0x00000034   Code   RO         1067    !!!scatter          c_w.l(__scatter.o)
    0x0800016c   0x0800016c   0x0000001a   Code   RO         1069    !!handler_copy      c_w.l(__scatter_copy.o)
    0x08000186   0x08000186   0x00000002   PAD
    0x08000188   0x08000188   0x0000001c   Code   RO         1071    !!handler_zi        c_w.l(__scatter_zi.o)
    0x080001a4   0x080001a4   0x00000000   Code   RO          810    .ARM.Collect$$_printf_percent$$00000000  c_w.l(_printf_percent.o)
    0x080001a4   0x080001a4   0x00000006   Code   RO          809    .ARM.Collect$$_printf_percent$$00000003  c_w.l(_printf_f.o)
    0x080001aa   0x080001aa   0x00000004   Code   RO          850    .ARM.Collect$$_printf_percent$$00000017  c_w.l(_printf_percent_end.o)
    0x080001ae   0x080001ae   0x00000002   Code   RO          944    .ARM.Collect$$libinit$$00000000  c_w.l(libinit.o)
    0x080001b0   0x080001b0   0x00000000   Code   RO          946    .ARM.Collect$$libinit$$00000002  c_w.l(libinit2.o)
    0x080001b0   0x080001b0   0x00000000   Code   RO          948    .ARM.Collect$$libinit$$00000004  c_w.l(libinit2.o)
    0x080001b0   0x080001b0   0x00000000   Code   RO          951    .ARM.Collect$$libinit$$0000000A  c_w.l(libinit2.o)
    0x080001b0   0x080001b0   0x00000000   Code   RO          953    .ARM.Collect$$libinit$$0000000C  c_w.l(libinit2.o)
    0x080001b0   0x080001b0   0x00000000   Code   RO          955    .ARM.Collect$$libinit$$0000000E  c_w.l(libinit2.o)
    0x080001b0   0x080001b0   0x00000006   Code   RO          956    .ARM.Collect$$libinit$$0000000F  c_w.l(libinit2.o)
    0x080001b6   0x080001b6   0x00000000   Code   RO          958    .ARM.Collect$$libinit$$00000011  c_w.l(libinit2.o)
    0x080001b6   0x080001b6   0x00000000   Code   RO          960    .ARM.Collect$$libinit$$00000013  c_w.l(libinit2.o)
    0x080001b6   0x080001b6   0x00000000   Code   RO          962    .ARM.Collect$$libinit$$00000015  c_w.l(libinit2.o)
    0x080001b6   0x080001b6   0x0000000a   Code   RO          963    .ARM.Collect$$libinit$$00000016  c_w.l(libinit2.o)
    0x080001c0   0x080001c0   0x00000000   Code   RO          964    .ARM.Collect$$libinit$$00000017  c_w.l(libinit2.o)
    0x080001c0   0x080001c0   0x00000000   Code   RO          966    .ARM.Collect$$libinit$$00000019  c_w.l(libinit2.o)
    0x080001c0   0x080001c0   0x00000000   Code   RO          968    .ARM.Collect$$libinit$$0000001B  c_w.l(libinit2.o)
    0x080001c0   0x080001c0   0x00000000   Code   RO          970    .ARM.Collect$$libinit$$0000001D  c_w.l(libinit2.o)
    0x080001c0   0x080001c0   0x00000000   Code   RO          972    .ARM.Collect$$libinit$$0000001F  c_w.l(libinit2.o)
    0x080001c0   0x080001c0   0x00000000   Code   RO          974    .ARM.Collect$$libinit$$00000021  c_w.l(libinit2.o)
    0x080001c0   0x080001c0   0x00000000   Code   RO          976    .ARM.Collect$$libinit$$00000023  c_w.l(libinit2.o)
    0x080001c0   0x080001c0   0x00000000   Code   RO          978    .ARM.Collect$$libinit$$00000025  c_w.l(libinit2.o)
    0x080001c0   0x080001c0   0x00000000   Code   RO          982    .ARM.Collect$$libinit$$0000002C  c_w.l(libinit2.o)
    0x080001c0   0x080001c0   0x00000000   Code   RO          984    .ARM.Collect$$libinit$$0000002E  c_w.l(libinit2.o)
    0x080001c0   0x080001c0   0x00000000   Code   RO          986    .ARM.Collect$$libinit$$00000030  c_w.l(libinit2.o)
    0x080001c0   0x080001c0   0x00000000   Code   RO          988    .ARM.Collect$$libinit$$00000032  c_w.l(libinit2.o)
    0x080001c0   0x080001c0   0x00000002   Code   RO          989    .ARM.Collect$$libinit$$00000033  c_w.l(libinit2.o)
    0x080001c2   0x080001c2   0x00000002   Code   RO         1031    .ARM.Collect$$libshutdown$$00000000  c_w.l(libshutdown.o)
    0x080001c4   0x080001c4   0x00000000   Code   RO         1050    .ARM.Collect$$libshutdown$$00000002  c_w.l(libshutdown2.o)
    0x080001c4   0x080001c4   0x00000000   Code   RO         1052    .ARM.Collect$$libshutdown$$00000004  c_w.l(libshutdown2.o)
    0x080001c4   0x080001c4   0x00000000   Code   RO         1055    .ARM.Collect$$libshutdown$$00000007  c_w.l(libshutdown2.o)
    0x080001c4   0x080001c4   0x00000000   Code   RO         1058    .ARM.Collect$$libshutdown$$0000000A  c_w.l(libshutdown2.o)
    0x080001c4   0x080001c4   0x00000000   Code   RO         1060    .ARM.Collect$$libshutdown$$0000000C  c_w.l(libshutdown2.o)
    0x080001c4   0x080001c4   0x00000000   Code   RO         1063    .ARM.Collect$$libshutdown$$0000000F  c_w.l(libshutdown2.o)
    0x080001c4   0x080001c4   0x00000002   Code   RO         1064    .ARM.Collect$$libshutdown$$00000010  c_w.l(libshutdown2.o)
    0x080001c6   0x080001c6   0x00000000   Code   RO          839    .ARM.Collect$$rtentry$$00000000  c_w.l(__rtentry.o)
    0x080001c6   0x080001c6   0x00000000   Code   RO          861    .ARM.Collect$$rtentry$$00000002  c_w.l(__rtentry2.o)
    0x080001c6   0x080001c6   0x00000006   Code   RO          873    .ARM.Collect$$rtentry$$00000004  c_w.l(__rtentry4.o)
    0x080001cc   0x080001cc   0x00000000   Code   RO          863    .ARM.Collect$$rtentry$$00000009  c_w.l(__rtentry2.o)
    0x080001cc   0x080001cc   0x00000004   Code   RO          864    .ARM.Collect$$rtentry$$0000000A  c_w.l(__rtentry2.o)
    0x080001d0   0x080001d0   0x00000000   Code   RO          866    .ARM.Collect$$rtentry$$0000000C  c_w.l(__rtentry2.o)
    0x080001d0   0x080001d0   0x00000008   Code   RO          867    .ARM.Collect$$rtentry$$0000000D  c_w.l(__rtentry2.o)
    0x080001d8   0x080001d8   0x00000002   Code   RO          990    .ARM.Collect$$rtexit$$00000000  c_w.l(rtexit.o)
    0x080001da   0x080001da   0x00000000   Code   RO         1003    .ARM.Collect$$rtexit$$00000002  c_w.l(rtexit2.o)
    0x080001da   0x080001da   0x00000004   Code   RO         1004    .ARM.Collect$$rtexit$$00000003  c_w.l(rtexit2.o)
    0x080001de   0x080001de   0x00000006   Code   RO         1005    .ARM.Collect$$rtexit$$00000004  c_w.l(rtexit2.o)
    0x080001e4   0x080001e4   0x000003e4   Code   RO            1    .text               main.o
    0x080005c8   0x080005c8   0x00000016   Code   RO          145    .text               stm32f10x_it.o
    0x080005de   0x080005de   0x00000002   PAD
    0x080005e0   0x080005e0   0x000001e0   Code   RO          177    .text               system_stm32f10x.o
    0x080007c0   0x080007c0   0x0000004c   Code   RO          195    .text               led.o
    0x0800080c   0x0800080c   0x0000014c   Code   RO          237    .text               delay.o
    0x08000958   0x08000958   0x00000150   Code   RO          268    .text               usart.o
    0x08000aa8   0x08000aa8   0x00000040   Code   RO          304    .text               startup_stm32f10x_hd.o
    0x08000ae8   0x08000ae8   0x000000dc   Code   RO          308    .text               misc.o
    0x08000bc4   0x08000bc4   0x0000035c   Code   RO          320    .text               stm32f10x_gpio.o
    0x08000f20   0x08000f20   0x00000408   Code   RO          332    .text               stm32f10x_usart.o
    0x08001328   0x08001328   0x000003a4   Code   RO          344    .text               stm32f10x_rcc.o
    0x080016cc   0x080016cc   0x00000084   Code   RO          358    .text               bsp.o
    0x08001750   0x08001750   0x000002a8   Code   RO          373    .text               cpu_core.o
    0x080019f8   0x080019f8   0x00000034   Code   RO          411    .text               cpu_a.o
    0x08001a2c   0x08001a2c   0x00000256   Code   RO          414    .text               lib_ascii.o
    0x08001c82   0x08001c82   0x00000002   PAD
    0x08001c84   0x08001c84   0x000009c6   Code   RO          447    .text               lib_mem.o
    0x0800264a   0x0800264a   0x00000002   PAD
    0x0800264c   0x0800264c   0x0000092c   Code   RO          466    .text               lib_str.o
    0x08002f78   0x08002f78   0x00000220   Code   RO          483    .text               lib_mem_a.o
    0x08003198   0x08003198   0x000000fc   Code   RO          486    .text               os_cfg_app.o
    0x08003294   0x08003294   0x00000e04   Code   RO          509    .text               os_core.o
    0x08004098   0x08004098   0x000001b0   Code   RO          521    .text               os_dbg.o
    0x08004248   0x08004248   0x00000e28   Code   RO          536    .text               os_flag.o
    0x08005070   0x08005070   0x00000444   Code   RO          548    .text               os_int.o
    0x080054b4   0x080054b4   0x00000238   Code   RO          560    .text               os_mem.o
    0x080056ec   0x080056ec   0x0000022c   Code   RO          572    .text               os_msg.o
    0x08005918   0x08005918   0x00000ad4   Code   RO          584    .text               os_mutex.o
    0x080063ec   0x080063ec   0x0000007c   Code   RO          602    .text               os_prio.o
    0x08006468   0x08006468   0x000008d8   Code   RO          621    .text               os_q.o
    0x08006d40   0x08006d40   0x00000830   Code   RO          633    .text               os_sem.o
    0x08007570   0x08007570   0x00000638   Code   RO          645    .text               os_stat.o
    0x08007ba8   0x08007ba8   0x00001bb4   Code   RO          657    .text               os_task.o
    0x0800975c   0x0800975c   0x000004fc   Code   RO          669    .text               os_tick.o
    0x08009c58   0x08009c58   0x00000564   Code   RO          681    .text               os_time.o
    0x0800a1bc   0x0800a1bc   0x00000818   Code   RO          693    .text               os_tmr.o
    0x0800a9d4   0x0800a9d4   0x0000026c   Code   RO          722    .text               os_cpu_c.o
    0x0800ac40   0x0800ac40   0x00000002   Code   RO          757    .text               c_w.l(use_no_semi_2.o)
    0x0800ac42   0x0800ac42   0x000000ee   Code   RO          759    .text               c_w.l(lludivv7m.o)
    0x0800ad30   0x0800ad30   0x00000018   Code   RO          763    .text               c_w.l(noretval__2printf.o)
    0x0800ad48   0x0800ad48   0x0000010e   Code   RO          796    .text               c_w.l(__printf_wp.o)
    0x0800ae56   0x0800ae56   0x00000006   Code   RO          811    .text               c_w.l(heapauxi.o)
    0x0800ae5c   0x0800ae5c   0x00000002   Code   RO          837    .text               c_w.l(use_no_semi.o)
    0x0800ae5e   0x0800ae5e   0x0000041e   Code   RO          846    .text               c_w.l(_printf_fp_dec.o)
    0x0800b27c   0x0800b27c   0x00000024   Code   RO          848    .text               c_w.l(_printf_char_file.o)
    0x0800b2a0   0x0800b2a0   0x00000008   Code   RO          880    .text               c_w.l(rt_locale_intlibspace.o)
    0x0800b2a8   0x0800b2a8   0x0000008a   Code   RO          882    .text               c_w.l(lludiv10.o)
    0x0800b332   0x0800b332   0x00000002   PAD
    0x0800b334   0x0800b334   0x00000030   Code   RO          884    .text               c_w.l(_printf_char_common.o)
    0x0800b364   0x0800b364   0x00000080   Code   RO          886    .text               c_w.l(_printf_fp_infnan.o)
    0x0800b3e4   0x0800b3e4   0x000000e4   Code   RO          888    .text               c_w.l(bigflt0.o)
    0x0800b4c8   0x0800b4c8   0x00000008   Code   RO          913    .text               c_w.l(ferror.o)
    0x0800b4d0   0x0800b4d0   0x00000008   Code   RO          924    .text               c_w.l(libspace.o)
    0x0800b4d8   0x0800b4d8   0x0000004a   Code   RO          927    .text               c_w.l(sys_stackheap_outer.o)
    0x0800b522   0x0800b522   0x00000012   Code   RO          931    .text               c_w.l(exit.o)
    0x0800b534   0x0800b534   0x00000080   Code   RO          937    .text               c_w.l(strcmpv7m.o)
    0x0800b5b4   0x0800b5b4   0x0000003e   Code   RO          891    CL$$btod_d2e        c_w.l(btod.o)
    0x0800b5f2   0x0800b5f2   0x00000046   Code   RO          893    CL$$btod_d2e_denorm_low  c_w.l(btod.o)
    0x0800b638   0x0800b638   0x00000060   Code   RO          892    CL$$btod_d2e_norm_op1  c_w.l(btod.o)
    0x0800b698   0x0800b698   0x00000338   Code   RO          901    CL$$btod_div_common  c_w.l(btod.o)
    0x0800b9d0   0x0800b9d0   0x000000dc   Code   RO          898    CL$$btod_e2e        c_w.l(btod.o)
    0x0800baac   0x0800baac   0x0000002a   Code   RO          895    CL$$btod_ediv       c_w.l(btod.o)
    0x0800bad6   0x0800bad6   0x0000002a   Code   RO          894    CL$$btod_emul       c_w.l(btod.o)
    0x0800bb00   0x0800bb00   0x00000244   Code   RO          900    CL$$btod_mult_common  c_w.l(btod.o)
    0x0800bd44   0x0800bd44   0x00000098   Code   RO          719    CODE                os_cpu_a.o
    0x0800bddc   0x0800bddc   0x00000028   Code   RO          922    i.__ARM_fpclassify  m_ws.l(fpclassify.o)
    0x0800be04   0x0800be04   0x0000000e   Code   RO          798    i._is_digit         c_w.l(__printf_wp.o)
    0x0800be12   0x0800be12   0x00000002   PAD
    0x0800be14   0x0800be14   0x0000002c   Code   RO          918    locale$$code        c_w.l(lc_numeric_c.o)
    0x0800be40   0x0800be40   0x0000000c   Code   RO          853    x$fpl$dretinf       fz_ws.l(dretinf.o)
    0x0800be4c   0x0800be4c   0x00000056   Code   RO          827    x$fpl$f2d           fz_ws.l(f2d.o)
    0x0800bea2   0x0800bea2   0x00000002   PAD
    0x0800bea4   0x0800bea4   0x000000c4   Code   RO          829    x$fpl$fadd          fz_ws.l(faddsub_clz.o)
    0x0800bf68   0x0800bf68   0x0000008c   Code   RO          855    x$fpl$fnaninf       fz_ws.l(fnaninf.o)
    0x0800bff4   0x0800bff4   0x0000000a   Code   RO          857    x$fpl$fretinf       fz_ws.l(fretinf.o)
    0x0800bffe   0x0800bffe   0x00000002   PAD
    0x0800c000   0x0800c000   0x000000ea   Code   RO          831    x$fpl$fsub          fz_ws.l(faddsub_clz.o)
    0x0800c0ea   0x0800c0ea   0x00000004   Code   RO          835    x$fpl$printf1       fz_ws.l(printf1.o)
    0x0800c0ee   0x0800c0ee   0x00000000   Code   RO          859    x$fpl$usenofp       fz_ws.l(usenofp.o)
    0x0800c0ee   0x0800c0ee   0x00000002   PAD
    0x0800c0f0   0x0800c0f0   0x00000104   Data   RO          375    .constdata          cpu_core.o
    0x0800c1f4   0x0800c1f4   0x00000094   Data   RO          467    .constdata          lib_str.o
    0x0800c288   0x0800c288   0x000000a4   Data   RO          488    .constdata          os_cfg_app.o
    0x0800c32c   0x0800c32c   0x0000016c   Data   RO          522    .constdata          os_dbg.o
    0x0800c498   0x0800c498   0x00000094   Data   RO          889    .constdata          c_w.l(bigflt0.o)
    0x0800c52c   0x0800c52c   0x00000020   Data   RO         1065    Region$$Table       anon$$obj.o
    0x0800c54c   0x0800c54c   0x0000001c   Data   RO          917    locale$$data        c_w.l(lc_numeric_c.o)


    Execution Region RW_IRAM1 (Exec base: 0x20000000, Load base: 0x0800c568, Size: 0x00003d18, Max: 0x00010000, ABSOLUTE)

    Exec Addr    Load Addr    Size         Type   Attr      Idx    E Section Name        Object

    0x20000000   0x0800c568   0x00000004   Data   RW            3    .data               main.o
    0x20000004   0x0800c56c   0x00000014   Data   RW          178    .data               system_stm32f10x.o
    0x20000018   0x0800c580   0x00000004   Data   RW          238    .data               delay.o
    0x2000001c   0x0800c584   0x00000006   Data   RW          270    .data               usart.o
    0x20000022   0x0800c58a   0x00000014   Data   RW          345    .data               stm32f10x_rcc.o
    0x20000036   0x0800c59e   0x00000002   PAD
    0x20000038   0x0800c5a0   0x00000004   Data   RW          376    .data               cpu_core.o
    0x2000003c   0x0800c5a4   0x00000004   Data   RW          449    .data               lib_mem.o
    0x20000040   0x0800c5a8   0x00000008   Data   RW          603    .data               os_prio.o
    0x20000048   0x0800c5b0   0x000000c8   Data   RW          706    .data               os_var.o
    0x20000110   0x0800c678   0x00000004   Data   RW          723    .data               os_cpu_c.o
    0x20000114   0x0800c67c   0x00000004   PAD
    0x20000118        -       0x00001110   Zero   RW            2    .bss                main.o
    0x20001228        -       0x000000c8   Zero   RW          269    .bss                usart.o
    0x200012f0        -       0x00000010   Zero   RW          374    .bss                cpu_core.o
    0x20001300        -       0x00000448   Zero   RW          448    .bss                lib_mem.o
    0x20001748        -       0x00001490   Zero   RW          487    .bss                os_cfg_app.o
    0x20002bd8        -       0x000006e0   Zero   RW          705    .bss                os_var.o
    0x200032b8        -       0x00000060   Zero   RW          925    .bss                c_w.l(libspace.o)
    0x20003318        -       0x00000200   Zero   RW          302    HEAP                startup_stm32f10x_hd.o
    0x20003518        -       0x00000800   Zero   RW          301    STACK               startup_stm32f10x_hd.o


==============================================================================

Image component sizes


      Code (inc. data)   RO Data    RW Data    ZI Data      Debug   Object Name

       132         12          0          0          0       1211   bsp.o
        52          0          0          0          0        380   cpu_a.o
       680         14        260          4         16      14703   cpu_core.o
       332         28          0          4          0       1941   delay.o
        76          8          0          0          0        555   led.o
       598          0          0          0          0       3944   lib_ascii.o
      2502         32          0          4       1096      22468   lib_mem.o
       544          0          0          0          0        528   lib_mem_a.o
      2348          6        148          0          0      13970   lib_str.o
       996        166          0          4       4368     275647   main.o
       220         22          0          0          0       1945   misc.o
       252        166        164          0       5264      21146   os_cfg_app.o
      3588        294          0          0          0      12581   os_core.o
       152         32          0          0          0        436   os_cpu_a.o
       620         66          0          4          0       4049   os_cpu_c.o
       432        286        364          0          0       4937   os_dbg.o
      3624        110          0          0          0       8163   os_flag.o
      1092        146          0          0          0       2464   os_int.o
       568         20          0          0          0       2888   os_mem.o
       556         12          0          0          0       2927   os_msg.o
      2772        114          0          0          0       5698   os_mutex.o
       124          4          0          8          0       1932   os_prio.o
      2264         76          0          0          0       6464   os_q.o
      2096         70          0          0          0       6480   os_sem.o
      1592        180          0          0          0       2945   os_stat.o
      7092        270          0          0          0      14306   os_task.o
      1276         90          0          0          0       3417   os_tick.o
      1380         46          0          0          0       3417   os_time.o
      2072        140          0          0          0       6602   os_tmr.o
         0          0          0        200       1760      19481   os_var.o
        64         26        304          0       2560        836   startup_stm32f10x_hd.o
       860         38          0          0          0       5881   stm32f10x_gpio.o
        22          0          0          0          0       1055   stm32f10x_it.o
       932         36          0         20          0       9124   stm32f10x_rcc.o
      1032         22          0          0          0       8604   stm32f10x_usart.o
         0          0          0          0          0         32   sys.o
       480         38          0         20          0       1911   system_stm32f10x.o
       336         18          0          6        200       3362   usart.o

    ----------------------------------------------------------------------
     43764       2588       1272        276      15268     498430   Object Totals
         0          0         32          0          0          0   (incl. Generated)
         6          0          0          2          4          0   (incl. Padding)

    ----------------------------------------------------------------------

      Code (inc. data)   RO Data    RW Data    ZI Data      Debug   Library Member Name

         8          0          0          0          0         68   __main.o
       284          0          0          0          0        156   __printf_wp.o
         0          0          0          0          0          0   __rtentry.o
        12          0          0          0          0          0   __rtentry2.o
         6          0          0          0          0          0   __rtentry4.o
        52          8          0          0          0          0   __scatter.o
        26          0          0          0          0          0   __scatter_copy.o
        28          0          0          0          0          0   __scatter_zi.o
        48          6          0          0          0         96   _printf_char_common.o
        36          4          0          0          0         80   _printf_char_file.o
         6          0          0          0          0          0   _printf_f.o
      1054          0          0          0          0        216   _printf_fp_dec.o
       128         16          0          0          0         84   _printf_fp_infnan.o
         0          0          0          0          0          0   _printf_percent.o
         4          0          0          0          0          0   _printf_percent_end.o
       228          4        148          0          0         96   bigflt0.o
      1936        128          0          0          0        672   btod.o
        18          0          0          0          0         80   exit.o
         8          0          0          0          0         68   ferror.o
         6          0          0          0          0        152   heapauxi.o
        44         10         28          0          0         76   lc_numeric_c.o
         2          0          0          0          0          0   libinit.o
        18          0          0          0          0          0   libinit2.o
         2          0          0          0          0          0   libshutdown.o
         2          0          0          0          0          0   libshutdown2.o
         8          4          0          0         96         68   libspace.o
       138          0          0          0          0         80   lludiv10.o
       238          0          0          0          0        100   lludivv7m.o
        24          4          0          0          0         84   noretval__2printf.o
         8          4          0          0          0         68   rt_locale_intlibspace.o
         2          0          0          0          0          0   rtexit.o
        10          0          0          0          0          0   rtexit2.o
       128          0          0          0          0         68   strcmpv7m.o
        74          0          0          0          0         80   sys_stackheap_outer.o
         2          0          0          0          0         68   use_no_semi.o
         2          0          0          0          0         68   use_no_semi_2.o
        12          0          0          0          0         68   dretinf.o
        86          4          0          0          0         84   f2d.o
       430          8          0          0          0        168   faddsub_clz.o
       140          4          0          0          0         84   fnaninf.o
        10          0          0          0          0         68   fretinf.o
         4          0          0          0          0         68   printf1.o
         0          0          0          0          0          0   usenofp.o
        40          0          0          0          0         68   fpclassify.o

    ----------------------------------------------------------------------
      5324        204        176          0         96       3136   Library Totals
        12          0          0          0          0          0   (incl. Padding)

    ----------------------------------------------------------------------

      Code (inc. data)   RO Data    RW Data    ZI Data      Debug   Library Name

      4590        188        176          0         96       2528   c_w.l
       682         16          0          0          0        540   fz_ws.l
        40          0          0          0          0         68   m_ws.l

    ----------------------------------------------------------------------
      5324        204        176          0         96       3136   Library Totals

    ----------------------------------------------------------------------

==============================================================================


      Code (inc. data)   RO Data    RW Data    ZI Data      Debug   

     49088       2792       1448        276      15364     496674   Grand Totals
     49088       2792       1448        276      15364     496674   ELF Image Totals
     49088       2792       1448        276          0          0   ROM Totals

==============================================================================

    Total RO  Size (Code + RO Data)                50536 (  49.35kB)
    Total RW  Size (RW Data + ZI Data)             15640 (  15.27kB)
    Total ROM Size (Code + RO Data + RW Data)      50812 (  49.62kB)

==============================================================================

