<html>
<body>
<pre>
<h1>礦ision Build Log</h1>
<h2>Tool Versions:</h2>
IDE-Version: μVision V5.24.2.0
Copyright (C) 2017 ARM Ltd and ARM Germany GmbH. All rights reserved.
License Information: Z WQ, GDPU, LIC=JDAPC-7SQRU-59XGZ-JCDLQ-YXSRR-DIUX0
 
Tool Versions:
Toolchain:       MDK-ARM Professional  Version: 5.24.1
Toolchain Path:  D:\ARM\ARM\ARMCC\Bin
C Compiler:      Armcc.exe V5.06 update 5 (build 528)
Assembler:       Armasm.exe V5.06 update 5 (build 528)
Linker/Locator:  ArmLink.exe V5.06 update 5 (build 528)
Library Manager: ArmAr.exe V5.06 update 5 (build 528)
Hex Converter:   FromElf.exe V5.06 update 5 (build 528)
CPU DLL:         SARMCM3.DLL V5.24.1
Dialog DLL:      DARMSTM.DLL V1.68.0.0
Target DLL:      STLink\ST-LINKIII-KEIL_SWO.dll V3.0.1.0
Dialog DLL:      TARMSTM.DLL V1.66.0.0
 
<h2>Project:</h2>
H:\Learning\STM32F103资料\A.资料盘\4，程序源码\3，扩展例程\4，UCOS扩展例程\例4-1 UCOSIII移植\USER\Template.uvprojx
Project File Date:  05/03/2018

<h2>Output:</h2>
*** Using Compiler 'V5.06 update 5 (build 528)', folder: 'D:\ARM\ARM\ARMCC\Bin'
Rebuild target 'Target 1'
compiling stm32f10x_it.c...
compiling system_stm32f10x.c...
compiling led.c...
compiling main.c...
compiling delay.c...
compiling usart.c...
compiling sys.c...
compiling core_cm3.c...
assembling startup_stm32f10x_hd.s...
compiling misc.c...
compiling stm32f10x_gpio.c...
compiling stm32f10x_usart.c...
compiling stm32f10x_rcc.c...
compiling cpu_core.c...
compiling cpu_c.c...
assembling cpu_a.asm...
compiling lib_math.c...
compiling bsp.c...
compiling lib_ascii.c...
assembling lib_mem_a.asm...
compiling os_cfg_app.c...
compiling lib_mem.c...
compiling lib_str.c...
compiling os_dbg.c...
compiling os_core.c...
compiling os_int.c...
compiling os_flag.c...
compiling os_mem.c...
compiling os_msg.c...
compiling os_mutex.c...
compiling os_pend_multi.c...
compiling os_prio.c...
compiling os_q.c...
compiling os_sem.c...
compiling os_stat.c...
compiling os_tick.c...
compiling os_time.c...
compiling os_task.c...
assembling os_cpu_a.s...
compiling os_tmr.c...
compiling os_var.c...
compiling os_cpu_c.c...
compiling os_app_hooks.c...
linking...
Program Size: Code=49056 RO-data=1448 RW-data=276 ZI-data=15364  
FromELF: creating hex file...
"..\OBJ\MALLOC.axf" - 0 Error(s), 0 Warning(s).

<h2>Software Packages used:</h2>

Package Vendor: Keil
                http://www.keil.com/pack/Keil.STM32F1xx_DFP.1.0.5.pack
                Keil.STM32F1xx_DFP.1.0.5
                STMicroelectronics STM32F1 Series Device Support, Drivers and Examples

<h2>Collection of Component include folders:</h2>
  .\RTE\_Target_1
  D:\ARM\ARM\PACK\Keil\STM32F1xx_DFP\1.0.5\Device\Include

<h2>Collection of Component Files used:</h2>
Build Time Elapsed:  00:00:09
</pre>
</body>
</html>
